[11:58:59] [main/INFO]: ModLauncher running: args [--nogui, --launchTarget, forgeserverdev, --gameDir, ., --fml.fmlVersion, 5.0.6, --fml.mcVersion, 1.21.3, --fml.neoForgeVersion, 21.3.76, --fml.neoFormVersion, 20241023.131943]
[11:58:59] [main/INFO]: JVM identified as Amazon.com Inc. OpenJDK 64-Bit Server VM 21.0.6+7-LTS
[11:58:59] [main/INFO]: ModLauncher 11.0.4+main.d2e20e43 starting: java version 21.0.6 by Amazon.com Inc.; OS Windows 11 arch amd64 version 10.0
[11:59:00] [main/INFO]: ImmediateWindowProvider not loading because launch target is forgeserverdev
[11:59:00] [main/INFO]: SpongePowered MIXIN Subsystem Version=0.8.7 Source=union:/C:/Users/rosar/.gradle/caches/modules-2/files-2.1/net.fabricmc/sponge-mixin/0.15.2+mixin.0.8.7/2af2f021d8e02a0220dc27a7a72b4666d66d44ca/sponge-mixin-0.15.2+mixin.0.8.7.jar%23166!/ Service=ModLauncher Env=SERVER
[11:59:00] [main/INFO]: Found mod file "neoforge-21.3.76.jar" [locator: neoforge devenv provider ([D:\Programmazione\Mod\Only Hammers & Excavators\NEOFORGE\1.21.3\.gradle\repositories\ng_dummy_ng\net\neoforged\neoforge\21.3.76\neoforge-21.3.76.jar])]
[11:59:00] [main/INFO]: Found mod file "neoforge-21.3.76.jar" [locator: neoforge devenv provider ([D:\Programmazione\Mod\Only Hammers & Excavators\NEOFORGE\1.21.3\.gradle\repositories\ng_dummy_ng\net\neoforged\neoforge\21.3.76\neoforge-21.3.76.jar])]
[11:59:00] [main/INFO]: Found mod file "main" [locator: userdev mods and services, reader: mod manifest]
[11:59:00] [main/INFO]: Found mod file "neoforge-21.3.76.jar" [locator: userdev mods and services, reader: mod manifest]
[11:59:00] [main/INFO]: Found mod file "RoughlyEnoughItems-neoforge-17.0.803.jar" [locator: userdev mods and services, reader: mod manifest]
[11:59:00] [main/INFO]: Found mod file "cloth-config-neoforge-16.0.141-neoforge.jar" [locator: userdev mods and services, reader: mod manifest]
[11:59:00] [main/INFO]: Found mod file "architectury-neoforge-14.0.3.jar" [locator: userdev mods and services, reader: mod manifest]
[11:59:00] [main/INFO]: Found gamelibrary file "mixinextras-neoforge-0.4.1.jar" [locator: userdev mods and services, reader: mod manifest]
[11:59:00] [main/WARN]: Attempted to select a dependency jar for JarJar which was passed in as source: library:mixinextras.neoforge. Using Mod File: C:\Users\rosar\.gradle\caches\modules-2\files-2.1\io.github.llamalad7\mixinextras-neoforge\0.4.1\eff97772ecd0dcf8e52cdbafd3b3ccec425f8314\mixinextras-neoforge-0.4.1.jar
[11:59:00] [main/INFO]: Found 1 dependencies adding them to mods collection
[11:59:00] [main/INFO]: Found library file "net.neoforged.neoforge-coremods-21.3.76.jar" [parent: neoforge-21.3.76.jar, locator: jarinjar, reader: mod manifest]
[11:59:00] [main/INFO]: 
     Mod List:
		Name Version (Mod Id)

		Architectury 14.0.3 (architectury)
		Cloth Config v16 API 16.0.141 (cloth_config)
		Minecraft 1.21.3 (minecraft)
		NeoForge 21.3.76 (neoforge)
		OnlyHammersAndExcavators 1.21.3-0.7 (onlyhammersandexcavators)
		Roughly Enough Items (REI) 17.0.803 (roughlyenoughitems)
[11:59:01] [main/INFO]: Launching target 'forgeserverdev' with arguments [--gameDir, ., --nogui]
[11:59:01] [main/WARN]: Reference map 'onlyhammersandexcavators.refmap.json' for onlyhammersandexcavators.mixins.json could not be read. If this is a development environment you can ignore this message
[11:59:01] [main/ERROR]: Attempted to load class net/minecraft/client/renderer/LevelRenderer for invalid dist DEDICATED_SERVER
[11:59:01] [main/WARN]: Error loading class: net/minecraft/client/renderer/LevelRenderer (java.lang.RuntimeException: Attempted to load class net/minecraft/client/renderer/LevelRenderer for invalid dist DEDICATED_SERVER)
[11:59:01] [main/WARN]: @Mixin target net.minecraft.client.renderer.LevelRenderer was not found onlyhammersandexcavators.mixins.json:LevelRendererExcavatorMixin from mod onlyhammersandexcavators
[11:59:01] [main/ERROR]: Attempted to load class net/minecraft/client/renderer/LevelRenderer for invalid dist DEDICATED_SERVER
[11:59:01] [main/WARN]: Error loading class: net/minecraft/client/renderer/LevelRenderer (java.lang.RuntimeException: Attempted to load class net/minecraft/client/renderer/LevelRenderer for invalid dist DEDICATED_SERVER)
[11:59:01] [main/WARN]: @Mixin target net.minecraft.client.renderer.LevelRenderer was not found onlyhammersandexcavators.mixins.json:LevelRendererHammerMixin from mod onlyhammersandexcavators
[19lug2025 11:59:02.777] [main/INFO] [MixinExtras|Service/]: Initializing MixinExtras via com.llamalad7.mixinextras.service.MixinExtrasServiceImpl(version=0.4.1).
[19lug2025 11:59:07.531] [main/WARN] [net.minecraft.commands.Commands/]: Ambiguity between arguments [teleport, location] and [teleport, destination] with inputs: [0.1 -0.5 .9, 0 0 0]
[19lug2025 11:59:07.532] [main/WARN] [net.minecraft.commands.Commands/]: Ambiguity between arguments [teleport, location] and [teleport, targets] with inputs: [0.1 -0.5 .9, 0 0 0]
[19lug2025 11:59:07.534] [main/WARN] [net.minecraft.commands.Commands/]: Ambiguity between arguments [teleport, destination] and [teleport, targets] with inputs: [Player, 0123, @e, dd12be42-52a9-4a91-a8a1-11c01849e498]
[19lug2025 11:59:07.536] [main/WARN] [net.minecraft.commands.Commands/]: Ambiguity between arguments [teleport, targets] and [teleport, destination] with inputs: [Player, 0123, dd12be42-52a9-4a91-a8a1-11c01849e498]
[19lug2025 11:59:07.536] [main/WARN] [net.minecraft.commands.Commands/]: Ambiguity between arguments [teleport, targets, location] and [teleport, targets, destination] with inputs: [0.1 -0.5 .9, 0 0 0]
[19lug2025 11:59:07.617] [modloading-worker-0/INFO] [net.neoforged.neoforge.common.NeoForgeMod/NEOFORGE-MOD]: NeoForge mod loading, version 21.3.76, for MC 1.21.3
[19lug2025 11:59:07.705] [modloading-worker-0/INFO] [REI/]: [REI] Registered plugin provider DefaultPluginImpl [roughlyenoughitems] for REICommonPlugin
[19lug2025 11:59:07.707] [modloading-worker-0/INFO] [REI/]: [REI] Registered plugin provider DefaultRuntimePlugin [roughlyenoughitems] for REICommonPlugin
[19lug2025 11:59:07.984] [main/ERROR] [net.minecraft.server.dedicated.Settings/]: Failed to load properties from file: server.properties
java.nio.file.NoSuchFileException: server.properties
	at java.base/sun.nio.fs.WindowsException.translateToIOException(WindowsException.java:85) ~[?:?]
	at java.base/sun.nio.fs.WindowsException.rethrowAsIOException(WindowsException.java:103) ~[?:?]
	at java.base/sun.nio.fs.WindowsException.rethrowAsIOException(WindowsException.java:108) ~[?:?]
	at java.base/sun.nio.fs.WindowsFileSystemProvider.newByteChannel(WindowsFileSystemProvider.java:234) ~[?:?]
	at java.base/java.nio.file.Files.newByteChannel(Files.java:380) ~[?:?]
	at java.base/java.nio.file.Files.newByteChannel(Files.java:432) ~[?:?]
	at java.base/java.nio.file.spi.FileSystemProvider.newInputStream(FileSystemProvider.java:420) ~[?:?]
	at java.base/java.nio.file.Files.newInputStream(Files.java:160) ~[?:?]
	at TRANSFORMER/minecraft@1.21.3/net.minecraft.server.dedicated.Settings.loadFromFile(Settings.java:38) ~[neoforge-21.3.76.jar%23221!/:?]
	at TRANSFORMER/minecraft@1.21.3/net.minecraft.server.dedicated.DedicatedServerProperties.fromFile(DedicatedServerProperties.java:132) ~[neoforge-21.3.76.jar%23221!/:?]
	at TRANSFORMER/minecraft@1.21.3/net.minecraft.server.dedicated.DedicatedServerSettings.<init>(DedicatedServerSettings.java:12) ~[neoforge-21.3.76.jar%23221!/:?]
	at TRANSFORMER/minecraft@1.21.3/net.minecraft.server.Main.main(Main.java:125) ~[neoforge-21.3.76.jar%23221!/:?]
	at java.base/jdk.internal.reflect.DirectMethodHandleAccessor.invoke(DirectMethodHandleAccessor.java:103) ~[?:?]
	at java.base/java.lang.reflect.Method.invoke(Method.java:580) ~[?:?]
	at MC-BOOTSTRAP/fml_loader@5.0.6/net.neoforged.fml.loading.targets.CommonLaunchHandler.runTarget(CommonLaunchHandler.java:136) ~[loader-5.0.6.jar%23177!/:5.0]
	at MC-BOOTSTRAP/fml_loader@5.0.6/net.neoforged.fml.loading.targets.CommonLaunchHandler.serverService(CommonLaunchHandler.java:128) ~[loader-5.0.6.jar%23177!/:5.0]
	at MC-BOOTSTRAP/fml_loader@5.0.6/net.neoforged.fml.loading.targets.NeoForgeServerDevLaunchHandler.runService(NeoForgeServerDevLaunchHandler.java:23) ~[loader-5.0.6.jar%23177!/:5.0]
	at MC-BOOTSTRAP/fml_loader@5.0.6/net.neoforged.fml.loading.targets.CommonLaunchHandler.lambda$launchService$4(CommonLaunchHandler.java:118) ~[loader-5.0.6.jar%23177!/:5.0]
	at MC-BOOTSTRAP/cpw.mods.modlauncher@11.0.4/cpw.mods.modlauncher.LaunchServiceHandlerDecorator.launch(LaunchServiceHandlerDecorator.java:30) [modlauncher-11.0.4.jar%23156!/:?]
	at MC-BOOTSTRAP/cpw.mods.modlauncher@11.0.4/cpw.mods.modlauncher.LaunchServiceHandler.launch(LaunchServiceHandler.java:53) [modlauncher-11.0.4.jar%23156!/:?]
	at MC-BOOTSTRAP/cpw.mods.modlauncher@11.0.4/cpw.mods.modlauncher.LaunchServiceHandler.launch(LaunchServiceHandler.java:71) [modlauncher-11.0.4.jar%23156!/:?]
	at MC-BOOTSTRAP/cpw.mods.modlauncher@11.0.4/cpw.mods.modlauncher.Launcher.run(Launcher.java:103) [modlauncher-11.0.4.jar%23156!/:?]
	at MC-BOOTSTRAP/cpw.mods.modlauncher@11.0.4/cpw.mods.modlauncher.Launcher.main(Launcher.java:74) [modlauncher-11.0.4.jar%23156!/:?]
	at MC-BOOTSTRAP/cpw.mods.modlauncher@11.0.4/cpw.mods.modlauncher.BootstrapLaunchConsumer.accept(BootstrapLaunchConsumer.java:26) [modlauncher-11.0.4.jar%23156!/:?]
	at MC-BOOTSTRAP/cpw.mods.modlauncher@11.0.4/cpw.mods.modlauncher.BootstrapLaunchConsumer.accept(BootstrapLaunchConsumer.java:23) [modlauncher-11.0.4.jar%23156!/:?]
	at cpw.mods.bootstraplauncher@2.0.2/cpw.mods.bootstraplauncher.BootstrapLauncher.run(BootstrapLauncher.java:210) [bootstraplauncher-2.0.2.jar:?]
	at cpw.mods.bootstraplauncher@2.0.2/cpw.mods.bootstraplauncher.BootstrapLauncher.main(BootstrapLauncher.java:69) [bootstraplauncher-2.0.2.jar:?]
[19lug2025 11:59:08.015] [main/INFO] [com.mojang.authlib.yggdrasil.YggdrasilAuthenticationService/]: Environment: Environment[sessionHost=https://sessionserver.mojang.com, servicesHost=https://api.minecraftservices.com, name=PROD]
[19lug2025 11:59:08.087] [main/WARN] [net.minecraft.server.packs.VanillaPackResourcesBuilder/]: Assets URL 'union:/D:/Programmazione/Mod/Only%20Hammers%20&%20Excavators/NEOFORGE/1.21.3/.gradle/repositories/ng_dummy_ng/net/neoforged/neoforge/21.3.76/neoforge-21.3.76.jar%23221!/assets/.mcassetsroot' uses unexpected schema
[19lug2025 11:59:08.087] [main/WARN] [net.minecraft.server.packs.VanillaPackResourcesBuilder/]: Assets URL 'union:/D:/Programmazione/Mod/Only%20Hammers%20&%20Excavators/NEOFORGE/1.21.3/.gradle/repositories/ng_dummy_ng/net/neoforged/neoforge/21.3.76/neoforge-21.3.76.jar%23221!/data/.mcassetsroot' uses unexpected schema
[19lug2025 11:59:08.761] [main/INFO] [net.minecraft.server.Main/]: No existing world data, creating new world
[19lug2025 11:59:09.230] [main/INFO] [net.minecraft.world.item.crafting.RecipeManager/]: Loaded 1357 recipes
[19lug2025 11:59:09.242] [main/INFO] [net.minecraft.advancements.AdvancementTree/]: Loaded 1468 advancements
[19lug2025 11:59:09.388] [Server thread/INFO] [net.minecraft.server.dedicated.DedicatedServer/]: Starting minecraft server version 1.21.3
[19lug2025 11:59:09.388] [Server thread/INFO] [net.minecraft.server.dedicated.DedicatedServer/]: Loading properties
[19lug2025 11:59:09.388] [Server thread/INFO] [net.minecraft.server.dedicated.DedicatedServer/]: Default game type: SURVIVAL
[19lug2025 11:59:09.388] [Server thread/INFO] [net.minecraft.server.MinecraftServer/]: Generating keypair
[19lug2025 11:59:09.497] [Server thread/INFO] [net.minecraft.server.dedicated.DedicatedServer/]: Starting Minecraft server on *:25565
[19lug2025 11:59:09.605] [Server thread/INFO] [net.minecraft.server.network.ServerConnectionListener/]: Using default channel type
[19lug2025 11:59:09.650] [Server thread/WARN] [net.minecraft.server.dedicated.DedicatedServer/]: **** SERVER IS RUNNING IN OFFLINE/INSECURE MODE!
[19lug2025 11:59:09.650] [Server thread/WARN] [net.minecraft.server.dedicated.DedicatedServer/]: The server will make no attempt to authenticate usernames. Beware.
[19lug2025 11:59:09.651] [Server thread/WARN] [net.minecraft.server.dedicated.DedicatedServer/]: While this makes the game possible to play without internet access, it also opens up the ability for hackers to connect with any username they choose.
[19lug2025 11:59:09.651] [Server thread/WARN] [net.minecraft.server.dedicated.DedicatedServer/]: To change this, set "online-mode" to "true" in the server.properties file.
[19lug2025 11:59:09.706] [Server thread/INFO] [net.minecraft.server.dedicated.DedicatedServer/]: Preparing level "world"
[19lug2025 11:59:12.482] [Server thread/INFO] [net.minecraft.server.MinecraftServer/]: Preparing start region for dimension minecraft:overworld
[19lug2025 11:59:12.516] [worldgen/INFO] [net.minecraft.server.level.progress.LoggerChunkProgressListener/]: Preparing spawn area: 2%
[19lug2025 11:59:12.983] [worldgen/INFO] [net.minecraft.server.level.progress.LoggerChunkProgressListener/]: Preparing spawn area: 2%
[19lug2025 11:59:13.497] [worldgen/INFO] [net.minecraft.server.level.progress.LoggerChunkProgressListener/]: Preparing spawn area: 18%
[19lug2025 11:59:13.987] [worldgen/INFO] [net.minecraft.server.level.progress.LoggerChunkProgressListener/]: Preparing spawn area: 18%
[19lug2025 11:59:14.485] [worldgen/INFO] [net.minecraft.server.level.progress.LoggerChunkProgressListener/]: Preparing spawn area: 51%
[19lug2025 11:59:14.801] [Server thread/INFO] [net.minecraft.server.level.progress.LoggerChunkProgressListener/]: Time elapsed: 2319 ms
[19lug2025 11:59:14.801] [Server thread/INFO] [net.minecraft.server.dedicated.DedicatedServer/]: Done (5.133s)! For help, type "help"
[19lug2025 11:59:14.829] [Server thread/INFO] [net.neoforged.neoforge.gametest.GameTestHooks/]: Enabled Gametest Namespaces: []
[19lug2025 11:59:14.834] [Server thread/INFO] [net.neoforged.neoforge.server.permission.PermissionAPI/]: Successfully initialized permission handler neoforge:default_handler
[19lug2025 11:59:14.860] [Server thread/INFO] [REI/]: [REI] %%%%%%%%%%%%%%%%%%%%%%%%%%%%%%%%%%%%%%%%
[19lug2025 11:59:14.860] [Server thread/INFO] [REI/]: [REI] REICommonPlugin starting main-reload for START.
[19lug2025 11:59:14.861] [Server thread/INFO] [REI/]: [REI] Plugins (2):
[19lug2025 11:59:14.861] [Server thread/INFO] [REI/]: [REI]  - (-100,00) DefaultPluginImpl of DefaultPluginImpl [roughlyenoughitems]
[19lug2025 11:59:14.861] [Server thread/INFO] [REI/]: [REI]  - (0,00) DefaultRuntimePlugin of DefaultRuntimePlugin [roughlyenoughitems]
[19lug2025 11:59:14.861] [Server thread/INFO] [REI/]: [REI] %%%%%%%%%%%%%%%%%%%%%%%%%%%%%%%%%%%%%%%%
[19lug2025 11:59:14.912] [Server thread/INFO] [REI/]: [REI] REICommonPlugin finished post-reload for START in 2.382 ms, totaling 66.82 ms.
[19lug2025 11:59:14.915] [Server thread/INFO] [REI/]: [REI] ========================================
[19lug2025 11:59:14.915] [Server thread/INFO] [REI/]: [REI] REICommonPlugin starting main-reload for END.
[19lug2025 11:59:14.916] [Server thread/INFO] [REI/]: [REI] Plugins (2):
[19lug2025 11:59:14.916] [Server thread/INFO] [REI/]: [REI]  - (-100,00) DefaultPluginImpl of DefaultPluginImpl [roughlyenoughitems]
[19lug2025 11:59:14.916] [Server thread/INFO] [REI/]: [REI]  - (0,00) DefaultRuntimePlugin of DefaultRuntimePlugin [roughlyenoughitems]
[19lug2025 11:59:14.916] [Server thread/INFO] [REI/]: [REI] ========================================
[19lug2025 11:59:14.976] [Server thread/INFO] [REI/]: [REI] REICommonPlugin finished post-reload for END in 674.0 μs, totaling 61.79 ms.
[19lug2025 11:59:47.849] [Server thread/INFO] [net.minecraft.server.players.PlayerList/]: Dev[/[fe80::2649:93c6:9f1f:9f25]:53295] logged in with entity id 15 at (6.5, 112.0, -7.5)
[19lug2025 11:59:47.883] [Server thread/INFO] [net.minecraft.server.MinecraftServer/]: Dev joined the game
[19lug2025 11:59:49.735] [Server thread/INFO] [net.minecraft.server.MinecraftServer/]: [Not Secure] <Dev> tt
[19lug2025 12:00:58.444] [Netty Server IO #1/ERROR] [net.minecraft.network.Connection/]: Exception caught in connection
java.net.SocketException: Connection reset
	at java.base/sun.nio.ch.SocketChannelImpl.throwConnectionReset(SocketChannelImpl.java:401) ~[?:?]
	at java.base/sun.nio.ch.SocketChannelImpl.read(SocketChannelImpl.java:434) ~[?:?]
	at MC-BOOTSTRAP/io.netty.buffer@4.1.97.Final/io.netty.buffer.PooledByteBuf.setBytes(PooledByteBuf.java:254) ~[netty-buffer-4.1.97.Final.jar%23157!/:4.1.97.Final]
	at MC-BOOTSTRAP/io.netty.buffer@4.1.97.Final/io.netty.buffer.AbstractByteBuf.writeBytes(AbstractByteBuf.java:1132) ~[netty-buffer-4.1.97.Final.jar%23157!/:4.1.97.Final]
	at MC-BOOTSTRAP/io.netty.transport@4.1.97.Final/io.netty.channel.socket.nio.NioSocketChannel.doReadBytes(NioSocketChannel.java:357) ~[netty-transport-4.1.97.Final.jar%23164!/:4.1.97.Final]
	at MC-BOOTSTRAP/io.netty.transport@4.1.97.Final/io.netty.channel.nio.AbstractNioByteChannel$NioByteUnsafe.read(AbstractNioByteChannel.java:151) ~[netty-transport-4.1.97.Final.jar%23164!/:4.1.97.Final]
	at MC-BOOTSTRAP/io.netty.transport@4.1.97.Final/io.netty.channel.nio.NioEventLoop.processSelectedKey(NioEventLoop.java:788) ~[netty-transport-4.1.97.Final.jar%23164!/:4.1.97.Final]
	at MC-BOOTSTRAP/io.netty.transport@4.1.97.Final/io.netty.channel.nio.NioEventLoop.processSelectedKeysOptimized(NioEventLoop.java:724) ~[netty-transport-4.1.97.Final.jar%23164!/:4.1.97.Final]
	at MC-BOOTSTRAP/io.netty.transport@4.1.97.Final/io.netty.channel.nio.NioEventLoop.processSelectedKeys(NioEventLoop.java:650) ~[netty-transport-4.1.97.Final.jar%23164!/:4.1.97.Final]
	at MC-BOOTSTRAP/io.netty.transport@4.1.97.Final/io.netty.channel.nio.NioEventLoop.run(NioEventLoop.java:562) ~[netty-transport-4.1.97.Final.jar%23164!/:4.1.97.Final]
	at MC-BOOTSTRAP/io.netty.common@4.1.97.Final/io.netty.util.concurrent.SingleThreadEventExecutor$4.run(SingleThreadEventExecutor.java:997) ~[netty-common-4.1.97.Final.jar%23159!/:4.1.97.Final]
	at MC-BOOTSTRAP/io.netty.common@4.1.97.Final/io.netty.util.internal.ThreadExecutorMap$2.run(ThreadExecutorMap.java:74) ~[netty-common-4.1.97.Final.jar%23159!/:4.1.97.Final]
	at java.base/java.lang.Thread.run(Thread.java:1583) [?:?]
[19lug2025 12:00:58.487] [Server thread/INFO] [net.minecraft.server.network.ServerGamePacketListenerImpl/]: Dev lost connection: Disconnected
[19lug2025 12:00:58.488] [Server thread/INFO] [net.minecraft.server.MinecraftServer/]: Dev left the game
