[13:43:13] [main/INFO]: ModLauncher running: args [--mod, onlyhammersandexcavators, --all, --output, D:\Programmazione\Mod\Only Hammers & Excavators\NEOFORGE\1.21.4\src\generated\resources, --existing, D:\Programmazione\Mod\Only Hammers & Excavators\NEOFORGE\1.21.4\src\main\resources, --launchTarget, neoforgeclientdatadev, --assetIndex, asset-index, --assetsDir, C:\Users\rosar\.gradle\caches\minecraft\assets, --gameDir, ., --fml.fmlVersion, 6.0.11, --fml.mcVersion, 1.21.4, --fml.neoForgeVersion, 21.4.135, --fml.neoFormVersion, 20241203.161809]
[13:43:13] [main/INFO]: JVM identified as Amazon.com Inc. OpenJDK 64-Bit Server VM 21.0.6+7-LTS
[13:43:13] [main/INFO]: ModLauncher 11.0.4+main.d2e20e43 starting: java version 21.0.6 by Amazon.com Inc.; OS Windows 11 arch amd64 version 10.0
[13:43:13] [main/INFO]: ImmediateWindowProvider not loading because launch target is neoforgeclientdatadev
[13:43:13] [main/INFO]: SpongePowered MIXIN Subsystem Version=0.8.7 Source=union:/C:/Users/rosar/.gradle/caches/modules-2/files-2.1/net.fabricmc/sponge-mixin/0.15.2+mixin.0.8.7/2af2f021d8e02a0220dc27a7a72b4666d66d44ca/sponge-mixin-0.15.2+mixin.0.8.7.jar%23166!/ Service=ModLauncher Env=CLIENT
[13:43:14] [main/INFO]: Found mod file "neoforge-21.4.135.jar" [locator: neoforge devenv provider ([D:\Programmazione\Mod\Only Hammers & Excavators\NEOFORGE\1.21.4\.gradle\repositories\ng_dummy_ng\net\neoforged\neoforge\21.4.135\neoforge-21.4.135.jar])]
[13:43:14] [main/INFO]: Found mod file "neoforge-21.4.135.jar" [locator: neoforge devenv provider ([D:\Programmazione\Mod\Only Hammers & Excavators\NEOFORGE\1.21.4\.gradle\repositories\ng_dummy_ng\net\neoforged\neoforge\21.4.135\neoforge-21.4.135.jar])]
[13:43:14] [main/INFO]: Found mod file "main" [locator: userdev mods and services, reader: mod manifest]
[13:43:14] [main/INFO]: Found mod file "neoforge-21.4.135.jar" [locator: userdev mods and services, reader: mod manifest]
[13:43:14] [main/INFO]: Found mod file "RoughlyEnoughItems-neoforge-18.0.804.jar" [locator: userdev mods and services, reader: mod manifest]
[13:43:14] [main/INFO]: Found mod file "cloth-config-neoforge-17.0.144-neoforge.jar" [locator: userdev mods and services, reader: mod manifest]
[13:43:14] [main/INFO]: Found mod file "architectury-neoforge-15.0.2.jar" [locator: userdev mods and services, reader: mod manifest]
[13:43:14] [main/INFO]: Found gamelibrary file "mixinextras-neoforge-0.4.1.jar" [locator: userdev mods and services, reader: mod manifest]
[13:43:14] [main/WARN]: Attempted to select a dependency jar for JarJar which was passed in as source: library:mixinextras.neoforge. Using Mod File: C:\Users\rosar\.gradle\caches\modules-2\files-2.1\io.github.llamalad7\mixinextras-neoforge\0.4.1\eff97772ecd0dcf8e52cdbafd3b3ccec425f8314\mixinextras-neoforge-0.4.1.jar
[13:43:14] [main/INFO]: Found 1 dependencies adding them to mods collection
[13:43:14] [main/INFO]: Found library file "net.neoforged.neoforge-coremods-21.4.135.jar" [parent: neoforge-21.4.135.jar, locator: jarinjar, reader: mod manifest]
[13:43:14] [main/INFO]: 
     Mod List:
		Name Version (Mod Id)

		Architectury 15.0.2 (architectury)
		Cloth Config v17 API 17.0.144 (cloth_config)
		Minecraft 1.21.4 (minecraft)
		NeoForge 21.4.135 (neoforge)
		OnlyHammersAndExcavators 1.21.4-0.2 (onlyhammersandexcavators)
		Roughly Enough Items (REI) 18.0.804 (roughlyenoughitems)
[13:43:15] [main/INFO]: Launching target 'neoforgeclientdatadev' with arguments [--gameDir, ., --assetsDir, C:\Users\rosar\.gradle\caches\minecraft\assets, --mod, onlyhammersandexcavators, --all, --output, D:\Programmazione\Mod\Only Hammers & Excavators\NEOFORGE\1.21.4\src\generated\resources, --existing, D:\Programmazione\Mod\Only Hammers & Excavators\NEOFORGE\1.21.4\src\main\resources, --assetIndex, asset-index]
[27apr2025 13:43:16.197] [main/INFO] [MixinExtras|Service/]: Initializing MixinExtras via com.llamalad7.mixinextras.service.MixinExtrasServiceImpl(version=0.4.1).
[27apr2025 13:43:21.335] [main/INFO] [net.neoforged.neoforge.data.loading.DatagenModLoader/]: Initializing Data Gatherer for mods [onlyhammersandexcavators]
[27apr2025 13:43:21.386] [modloading-worker-0/INFO] [net.neoforged.neoforge.common.NeoForgeMod/NEOFORGE-MOD]: NeoForge mod loading, version 21.4.135, for MC 1.21.4
[27apr2025 13:43:21.834] [main/WARN] [net.minecraft.server.packs.VanillaPackResourcesBuilder/]: Assets URL 'union:/D:/Programmazione/Mod/Only%20Hammers%20&%20Excavators/NEOFORGE/1.21.4/.gradle/repositories/ng_dummy_ng/net/neoforged/neoforge/21.4.135/neoforge-21.4.135.jar%23221!/assets/.mcassetsroot' uses unexpected schema
[27apr2025 13:43:21.835] [main/WARN] [net.minecraft.server.packs.VanillaPackResourcesBuilder/]: Assets URL 'union:/D:/Programmazione/Mod/Only%20Hammers%20&%20Excavators/NEOFORGE/1.21.4/.gradle/repositories/ng_dummy_ng/net/neoforged/neoforge/21.4.135/neoforge-21.4.135.jar%23221!/data/.mcassetsroot' uses unexpected schema
[27apr2025 13:43:22.228] [main/INFO] [net.minecraft.data.DataGenerator/]: Starting provider: Model Definitions - onlyhammersandexcavators
[27apr2025 13:43:22.320] [main/INFO] [net.minecraft.data.DataGenerator/]: Model Definitions - onlyhammersandexcavators finished after 91 ms
[27apr2025 13:43:22.320] [main/INFO] [net.minecraft.data.DataGenerator/]: Starting provider: Tags for minecraft:block mod id onlyhammersandexcavators
[27apr2025 13:43:22.322] [main/INFO] [net.minecraft.data.DataGenerator/]: Tags for minecraft:block mod id onlyhammersandexcavators finished after 1 ms
[27apr2025 13:43:22.322] [main/INFO] [net.minecraft.data.DataGenerator/]: Starting provider: Tags for minecraft:item mod id onlyhammersandexcavators
[27apr2025 13:43:22.330] [main/INFO] [net.minecraft.data.DataGenerator/]: Tags for minecraft:item mod id onlyhammersandexcavators finished after 7 ms
[27apr2025 13:43:22.330] [main/INFO] [net.minecraft.data.DataGenerator/]: Starting provider: Recipes
[27apr2025 13:43:22.361] [main/INFO] [net.minecraft.data.DataGenerator/]: Recipes finished after 31 ms
[27apr2025 13:43:22.362] [main/INFO] [net.minecraft.data.DataGenerator/]: All providers took: 133 ms
[27apr2025 13:43:22.375] [main/INFO] [net.minecraft.data.HashCache/]: Caching: total files: 105, old count: 64, new count: 105, removed stale: 1, written: 40
