[11set2025 17:52:24.831] [main/INFO] [cpw.mods.modlauncher.Launcher/MODLAUNCHER]: ModLauncher running: args [--mod, onlyhammersandexcavators, --all, --output, D:\Programmazione\Mod\Only Hammers & Excavators\NEOFORGE\1.21\src\generated\resources, --existing, D:\Programmazione\Mod\Only Hammers & Excavators\NEOFORGE\1.21\src\main\resources, --launchTarget, forgedatauserdev, --assetIndex, asset-index, --assetsDir, C:\Users\rosar\.gradle\caches\minecraft\assets\1.21, --gameDir, ., --fml.neoForgeVersion, 21.0.167, --fml.fmlVersion, 4.0.23, --fml.mcVersion, 1.21, --fml.neoFormVersion, 20240613.152323]
[11set2025 17:52:24.834] [main/INFO] [cpw.mods.modlauncher.Launcher/MODLAUNCHER]: JVM identified as Amazon.com Inc. OpenJDK 64-Bit Server VM 21.0.6+7-LTS
[11set2025 17:52:24.836] [main/INFO] [cpw.mods.modlauncher.Launcher/MODLAUNCHER]: ModLauncher 11.0.4+main.d2e20e43 starting: java version 21.0.6 by Amazon.com Inc.; OS Windows 11 arch amd64 version 10.0
[11set2025 17:52:25.078] [main/INFO] [net.neoforged.fml.loading.ImmediateWindowHandler/]: ImmediateWindowProvider not loading because launch target is forgedatauserdev
[11set2025 17:52:25.129] [main/INFO] [mixin/]: SpongePowered MIXIN Subsystem Version=0.8.6 Source=union:/C:/Users/rosar/.gradle/caches/modules-2/files-2.1/net.fabricmc/sponge-mixin/0.14.0+mixin.0.8.6/c265173c84346e9e5d42a2384b2b02bd39a4a899/sponge-mixin-0.14.0+mixin.0.8.6.jar%23135!/ Service=ModLauncher Env=CLIENT
[11set2025 17:52:25.330] [main/INFO] [net.neoforged.fml.loading.moddiscovery.ModDiscoverer/SCAN]: Found mod file "neoforge-21.0.167.jar" [locator: neoforge devenv provider ([D:\Programmazione\Mod\Only Hammers & Excavators\NEOFORGE\1.21\.gradle\repositories\ng_dummy_ng\net\neoforged\neoforge\21.0.167\neoforge-21.0.167.jar])]
[11set2025 17:52:25.350] [main/INFO] [net.neoforged.fml.loading.moddiscovery.ModDiscoverer/SCAN]: Found mod file "neoforge-21.0.167.jar" [locator: neoforge devenv provider ([D:\Programmazione\Mod\Only Hammers & Excavators\NEOFORGE\1.21\.gradle\repositories\ng_dummy_ng\net\neoforged\neoforge\21.0.167\neoforge-21.0.167.jar])]
[11set2025 17:52:25.366] [main/INFO] [net.neoforged.fml.loading.moddiscovery.ModDiscoverer/SCAN]: Found mod file "main" [locator: userdev mods and services, reader: mod manifest]
[11set2025 17:52:25.378] [main/INFO] [net.neoforged.fml.loading.moddiscovery.ModDiscoverer/SCAN]: Found mod file "neoforge-21.0.167.jar" [locator: userdev mods and services, reader: mod manifest]
[11set2025 17:52:25.382] [main/INFO] [net.neoforged.fml.loading.moddiscovery.ModDiscoverer/SCAN]: Found mod file "architectury-neoforge-13.0.5.jar" [locator: userdev mods and services, reader: mod manifest]
[11set2025 17:52:25.386] [main/INFO] [net.neoforged.fml.loading.moddiscovery.ModDiscoverer/SCAN]: Found mod file "RoughlyEnoughItems-neoforge-16.0.776.jar" [locator: userdev mods and services, reader: mod manifest]
[11set2025 17:52:25.390] [main/INFO] [net.neoforged.fml.loading.moddiscovery.ModDiscoverer/SCAN]: Found mod file "jei-1.21-neoforge-19.8.2.99.jar" [locator: userdev mods and services, reader: mod manifest]
[11set2025 17:52:25.394] [main/INFO] [net.neoforged.fml.loading.moddiscovery.ModDiscoverer/SCAN]: Found mod file "cloth-config-neoforge-15.0.130-neoforge.jar" [locator: userdev mods and services, reader: mod manifest]
[11set2025 17:52:25.408] [main/INFO] [net.neoforged.fml.loading.moddiscovery.ModDiscoverer/SCAN]: Found gamelibrary file "mixinextras-neoforge-0.3.5.jar" [locator: userdev mods and services, reader: mod manifest]
[11set2025 17:52:25.560] [main/WARN] [net.neoforged.jarjar.selection.JarSelector/]: Attempted to select a dependency jar for JarJar which was passed in as source: mixinextras-neoforge-0.3.5.jar. Using Mod File: C:\Users\rosar\.gradle\caches\modules-2\files-2.1\io.github.llamalad7\mixinextras-neoforge\0.3.5\ef3ffcf309dae656517b2f120189b1c9b21737dd\mixinextras-neoforge-0.3.5.jar
[11set2025 17:52:25.560] [main/INFO] [net.neoforged.fml.loading.moddiscovery.locators.JarInJarDependencyLocator/]: No dependencies to load found. Skipping!
[11set2025 17:52:25.757] [main/INFO] [net.neoforged.fml.loading.FMLServiceProvider/CORE]: Loading coremod script-engine for [neoforge]
[11set2025 17:52:26.841] [main/INFO] [cpw.mods.modlauncher.LaunchServiceHandler/MODLAUNCHER]: Launching target 'forgedatauserdev' with arguments [--gameDir, ., --assetsDir, C:\Users\rosar\.gradle\caches\minecraft\assets\1.21, --mod, onlyhammersandexcavators, --all, --output, D:\Programmazione\Mod\Only Hammers & Excavators\NEOFORGE\1.21\src\generated\resources, --existing, D:\Programmazione\Mod\Only Hammers & Excavators\NEOFORGE\1.21\src\main\resources, --assetIndex, asset-index]
[11set2025 17:52:26.915] [main/WARN] [mixin/]: Reference map 'onlyhammersandexcavators.refmap.json' for onlyhammersandexcavators.mixins.json could not be read. If this is a development environment you can ignore this message
[11set2025 17:52:27.704] [main/INFO] [net.neoforged.neoforge.data.loading.DatagenModLoader/]: Initializing Data Gatherer for mods [onlyhammersandexcavators]
[11set2025 17:52:27.721] [main/INFO] [MixinExtras|Service/]: Initializing MixinExtras via com.llamalad7.mixinextras.service.MixinExtrasServiceImpl(version=0.3.5).
[11set2025 17:52:33.186] [modloading-worker-0/INFO] [net.neoforged.neoforge.common.NeoForgeMod/NEOFORGE-MOD]: NeoForge mod loading, version 21.0.167, for MC 1.21
[11set2025 17:52:33.486] [modloading-worker-0/INFO] [mezz.jei.library.load.PluginCaller/]: Sending ConfigManager...
[11set2025 17:52:33.496] [modloading-worker-0/INFO] [mezz.jei.library.load.PluginCaller/]: Sending ConfigManager took 8.591 ms
[11set2025 17:52:33.859] [main/WARN] [net.minecraft.server.packs.VanillaPackResourcesBuilder/]: Assets URL 'union:/D:/Programmazione/Mod/Only%20Hammers%20&%20Excavators/NEOFORGE/1.21/.gradle/repositories/ng_dummy_ng/net/neoforged/neoforge/21.0.167/neoforge-21.0.167.jar%23189!/assets/.mcassetsroot' uses unexpected schema
[11set2025 17:52:33.859] [main/WARN] [net.minecraft.server.packs.VanillaPackResourcesBuilder/]: Assets URL 'union:/D:/Programmazione/Mod/Only%20Hammers%20&%20Excavators/NEOFORGE/1.21/.gradle/repositories/ng_dummy_ng/net/neoforged/neoforge/21.0.167/neoforge-21.0.167.jar%23189!/data/.mcassetsroot' uses unexpected schema
[11set2025 17:52:34.217] [main/INFO] [net.minecraft.data.DataGenerator/]: Starting provider: Item Models: onlyhammersandexcavators
[11set2025 17:52:34.253] [main/INFO] [net.minecraft.data.DataGenerator/]: Item Models: onlyhammersandexcavators finished after 35 ms
[11set2025 17:52:34.254] [main/INFO] [net.minecraft.data.DataGenerator/]: Starting provider: Tags for minecraft:block mod id onlyhammersandexcavators
[11set2025 17:52:34.291] [main/INFO] [net.minecraft.data.DataGenerator/]: Tags for minecraft:block mod id onlyhammersandexcavators finished after 35 ms
[11set2025 17:52:34.291] [main/INFO] [net.minecraft.data.DataGenerator/]: Starting provider: Tags for minecraft:item mod id onlyhammersandexcavators
[11set2025 17:52:34.309] [main/INFO] [net.minecraft.data.DataGenerator/]: Tags for minecraft:item mod id onlyhammersandexcavators finished after 18 ms
[11set2025 17:52:34.309] [main/INFO] [net.minecraft.data.DataGenerator/]: Starting provider: Recipes
[11set2025 17:52:34.357] [main/INFO] [net.minecraft.data.DataGenerator/]: Recipes finished after 48 ms
[11set2025 17:52:34.357] [main/INFO] [net.minecraft.data.DataGenerator/]: All providers took: 140 ms
[11set2025 17:52:34.370] [main/INFO] [net.minecraft.data.HashCache/]: Caching: total files: 90, old count: 84, new count: 91, removed stale: 0, written: 6
