[22:27:19] [main/INFO]: ModLauncher running: args [--launchTarget, neoforgeclientdev, --version, 21.5.22-beta, --assetIndex, asset-index, --assetsDir, C:\Users\rosar\.gradle\caches\minecraft\assets, --fml.fmlVersion, 7.0.10, --fml.mcVersion, 1.21.5, --fml.neoForgeVersion, 21.5.22-beta, --fml.neoFormVersion, 20250325.162830]
[22:27:19] [main/INFO]: JVM identified as Amazon.com Inc. OpenJDK 64-Bit Server VM 21.0.6+7-LTS
[22:27:19] [main/INFO]: ModLauncher 11.0.4+main.d2e20e43 starting: java version 21.0.6 by Amazon.com Inc.; OS Windows 11 arch amd64 version 10.0
[22:27:19] [main/WARN]: Configuration file D:\Programmazione\Mod\Only Hammers & Excavators\NEOFORGE\1.21.5\runs\client\config\fml.toml is not correct. Correcting
[22:27:19] [main/WARN]: Incorrect key [debugOpenGl] was corrected from null to false
[22:27:19] [main/WARN]: Incorrect key [earlyWindowSkipGLVersions] was corrected from [] to null
[22:27:19] [main/INFO]: Loading ImmediateWindowProvider fmlearlywindow
[22:27:20] [main/INFO]: SpongePowered MIXIN Subsystem Version=0.8.7 Source=union:/C:/Users/rosar/.gradle/caches/modules-2/files-2.1/net.fabricmc/sponge-mixin/0.15.2+mixin.0.8.7/2af2f021d8e02a0220dc27a7a72b4666d66d44ca/sponge-mixin-0.15.2+mixin.0.8.7.jar%23166!/ Service=ModLauncher Env=CLIENT
[22:27:20] [main/WARN]: Configuration file D:\Programmazione\Mod\Only Hammers & Excavators\NEOFORGE\1.21.5\runs\client\config\fml.toml is not correct. Correcting
[22:27:20] [pool-2-thread-1/INFO]: GL info: NVIDIA GeForce RTX 4050 Laptop GPU/PCIe/SSE2 GL version 3.2.0 NVIDIA 572.83, NVIDIA Corporation
[22:27:20] [main/INFO]: Found mod file "neoforge-21.5.22-beta.jar" [locator: neoforge devenv provider ([D:\Programmazione\Mod\Only Hammers & Excavators\NEOFORGE\1.21.5\.gradle\repositories\ng_dummy_ng\net\neoforged\neoforge\21.5.22-beta\neoforge-21.5.22-beta.jar])]
[22:27:20] [main/INFO]: Found mod file "neoforge-21.5.22-beta.jar" [locator: neoforge devenv provider ([D:\Programmazione\Mod\Only Hammers & Excavators\NEOFORGE\1.21.5\.gradle\repositories\ng_dummy_ng\net\neoforged\neoforge\21.5.22-beta\neoforge-21.5.22-beta.jar])]
[22:27:20] [main/INFO]: Found mod file "main" [locator: userdev mods and services, reader: mod manifest]
[22:27:20] [main/INFO]: Found mod file "neoforge-21.5.22-beta.jar" [locator: userdev mods and services, reader: mod manifest]
[22:27:20] [main/INFO]: Found gamelibrary file "mixinextras-neoforge-0.4.1.jar" [locator: userdev mods and services, reader: mod manifest]
[22:27:20] [main/WARN]: Attempted to select a dependency jar for JarJar which was passed in as source: library:mixinextras.neoforge. Using Mod File: C:\Users\rosar\.gradle\caches\modules-2\files-2.1\io.github.llamalad7\mixinextras-neoforge\0.4.1\eff97772ecd0dcf8e52cdbafd3b3ccec425f8314\mixinextras-neoforge-0.4.1.jar
[22:27:20] [main/INFO]: Found 1 dependencies adding them to mods collection
[22:27:20] [main/INFO]: Found library file "net.neoforged.neoforge-coremods-21.5.22-beta.jar" [parent: neoforge-21.5.22-beta.jar, locator: jarinjar, reader: mod manifest]
[22:27:20] [main/INFO]: 
     Mod List:
		Name Version (Mod Id)

		Minecraft 1.21.5 (minecraft)
		NeoForge 21.5.22-beta (neoforge)
		OnlyHammersAndExcavators 1.21.5-0.1 (onlyhammersandexcavators)
[22:27:21] [main/INFO]: Launching target 'neoforgeclientdev' with arguments [--version, 21.5.22-beta, --assetsDir, C:\Users\rosar\.gradle\caches\minecraft\assets, --assetIndex, asset-index]
[02apr2025 22:27:23.026] [pool-7-thread-1/INFO] [MixinExtras|Service/]: Initializing MixinExtras via com.llamalad7.mixinextras.service.MixinExtrasServiceImpl(version=0.4.1).
[02apr2025 22:27:23.406] [Datafixer Bootstrap/INFO] [com.mojang.datafixers.DataFixerBuilder/]: 266 Datafixer optimizations took 1050 milliseconds
[02apr2025 22:27:27.440] [main/WARN] [net.minecraft.commands.Commands/]: Ambiguity between arguments [teleport, location] and [teleport, destination] with inputs: [0.1 -0.5 .9, 0 0 0]
[02apr2025 22:27:27.441] [main/WARN] [net.minecraft.commands.Commands/]: Ambiguity between arguments [teleport, location] and [teleport, targets] with inputs: [0.1 -0.5 .9, 0 0 0]
[02apr2025 22:27:27.443] [main/WARN] [net.minecraft.commands.Commands/]: Ambiguity between arguments [teleport, destination] and [teleport, targets] with inputs: [Player, 0123, @e, dd12be42-52a9-4a91-a8a1-11c01849e498]
[02apr2025 22:27:27.445] [main/WARN] [net.minecraft.commands.Commands/]: Ambiguity between arguments [teleport, targets] and [teleport, destination] with inputs: [Player, 0123, dd12be42-52a9-4a91-a8a1-11c01849e498]
[02apr2025 22:27:27.446] [main/WARN] [net.minecraft.commands.Commands/]: Ambiguity between arguments [teleport, targets, location] and [teleport, targets, destination] with inputs: [0.1 -0.5 .9, 0 0 0]
[02apr2025 22:27:27.511] [modloading-worker-0/INFO] [net.neoforged.neoforge.common.NeoForgeMod/NEOFORGE-MOD]: NeoForge mod loading, version 21.5.22-beta, for MC 1.21.5
[02apr2025 22:27:27.825] [modloading-sync-worker/WARN] [net.neoforged.fml.config.ConfigTracker/CONFIG]: Configuration file D:\Programmazione\Mod\Only Hammers & Excavators\NEOFORGE\1.21.5\runs\client\config\neoforge-client.toml is not correct. Correcting
[02apr2025 22:27:27.947] [Render thread/WARN] [net.minecraft.server.packs.VanillaPackResourcesBuilder/]: Assets URL 'union:/D:/Programmazione/Mod/Only%20Hammers%20&%20Excavators/NEOFORGE/1.21.5/.gradle/repositories/ng_dummy_ng/net/neoforged/neoforge/21.5.22-beta/neoforge-21.5.22-beta.jar%23221!/assets/.mcassetsroot' uses unexpected schema
[02apr2025 22:27:27.948] [Render thread/WARN] [net.minecraft.server.packs.VanillaPackResourcesBuilder/]: Assets URL 'union:/D:/Programmazione/Mod/Only%20Hammers%20&%20Excavators/NEOFORGE/1.21.5/.gradle/repositories/ng_dummy_ng/net/neoforged/neoforge/21.5.22-beta/neoforge-21.5.22-beta.jar%23221!/data/.mcassetsroot' uses unexpected schema
[02apr2025 22:27:27.977] [Render thread/INFO] [com.mojang.authlib.yggdrasil.YggdrasilAuthenticationService/]: Environment: Environment[sessionHost=https://sessionserver.mojang.com, servicesHost=https://api.minecraftservices.com, name=PROD]
[02apr2025 22:27:27.985] [Render thread/INFO] [net.minecraft.client.Minecraft/]: Setting user: Dev
[02apr2025 22:27:28.118] [Render thread/INFO] [net.minecraft.client.Minecraft/]: Backend library: LWJGL version 3.3.3+5
[02apr2025 22:27:28.238] [Render thread/INFO] [net.minecraft.client.Minecraft/]: Using optional rendering extensions: GL_KHR_debug, GL_ARB_vertex_attrib_binding, GL_ARB_direct_state_access
[02apr2025 22:27:28.856] [Render thread/INFO] [net.minecraft.server.packs.resources.ReloadableResourceManager/]: Reloading ResourceManager: vanilla, mod_resources, mod/onlyhammersandexcavators, mod/neoforge
[02apr2025 22:27:28.997] [resourceLoad/INFO] [net.minecraft.client.gui.font.providers.UnihexProvider/]: Found unifont_all_no_pua-16.0.01.hex, loading
[02apr2025 22:27:29.099] [resourceLoad/INFO] [net.minecraft.client.gui.font.providers.UnihexProvider/]: Found unifont_jp_patch-16.0.01.hex, loading
[02apr2025 22:27:29.238] [Download-1/INFO] [com.mojang.realmsclient.client.RealmsClient/]: Could not authorize you against Realms server: Invalid session id
[02apr2025 22:27:29.241] [Download-1/ERROR] [com.mojang.realmsclient.client.RealmsClient/]: Failed to fetch Realms feature flags
com.mojang.realmsclient.exception.RealmsServiceException: Realms authentication error with message 'Invalid session id'
	at TRANSFORMER/minecraft@1.21.5/com.mojang.realmsclient.client.RealmsClient.execute(RealmsClient.java:469) ~[neoforge-21.5.22-beta.jar%23221!/:?]
	at TRANSFORMER/minecraft@1.21.5/com.mojang.realmsclient.client.RealmsClient.fetchFeatureFlags(RealmsClient.java:151) ~[neoforge-21.5.22-beta.jar%23221!/:?]
	at java.base/java.util.concurrent.CompletableFuture$AsyncSupply.run(CompletableFuture.java:1768) ~[?:?]
	at java.base/java.util.concurrent.ThreadPoolExecutor.runWorker(ThreadPoolExecutor.java:1144) ~[?:?]
	at java.base/java.util.concurrent.ThreadPoolExecutor$Worker.run(ThreadPoolExecutor.java:642) ~[?:?]
	at java.base/java.lang.Thread.run(Thread.java:1583) [?:?]
[02apr2025 22:27:30.041] [Render thread/WARN] [com.mojang.blaze3d.opengl.GlProgram/]: minecraft:pipeline/entity_translucent_emissive shader program does not use sampler Sampler2 defined in the pipeline. This might be a bug.
[02apr2025 22:27:30.147] [Render thread/INFO] [com.mojang.blaze3d.audio.Library/]: OpenAL initialized on device OpenAL Soft on Altoparlanti (Maonocaster G1 Neo)
[02apr2025 22:27:30.147] [Render thread/INFO] [net.minecraft.client.sounds.SoundEngine/SOUNDS]: Sound engine started
[02apr2025 22:27:30.202] [Render thread/INFO] [net.minecraft.client.renderer.texture.TextureAtlas/]: Created: 1024x512x4 minecraft:textures/atlas/blocks.png-atlas
[02apr2025 22:27:30.208] [Render thread/INFO] [net.minecraft.client.renderer.texture.TextureAtlas/]: Created: 256x256x4 minecraft:textures/atlas/signs.png-atlas
[02apr2025 22:27:30.208] [Render thread/INFO] [net.minecraft.client.renderer.texture.TextureAtlas/]: Created: 512x512x4 minecraft:textures/atlas/banner_patterns.png-atlas
[02apr2025 22:27:30.208] [Render thread/INFO] [net.minecraft.client.renderer.texture.TextureAtlas/]: Created: 512x512x4 minecraft:textures/atlas/shield_patterns.png-atlas
[02apr2025 22:27:30.209] [Render thread/INFO] [net.minecraft.client.renderer.texture.TextureAtlas/]: Created: 2048x1024x4 minecraft:textures/atlas/armor_trims.png-atlas
[02apr2025 22:27:30.212] [Render thread/INFO] [net.minecraft.client.renderer.texture.TextureAtlas/]: Created: 256x256x4 minecraft:textures/atlas/chest.png-atlas
[02apr2025 22:27:30.215] [Render thread/INFO] [net.minecraft.client.renderer.texture.TextureAtlas/]: Created: 128x64x4 minecraft:textures/atlas/decorated_pot.png-atlas
[02apr2025 22:27:30.215] [Render thread/INFO] [net.minecraft.client.renderer.texture.TextureAtlas/]: Created: 512x256x4 minecraft:textures/atlas/beds.png-atlas
[02apr2025 22:27:30.216] [Render thread/INFO] [net.minecraft.client.renderer.texture.TextureAtlas/]: Created: 512x256x4 minecraft:textures/atlas/shulker_boxes.png-atlas
[02apr2025 22:27:30.217] [Render thread/INFO] [net.minecraft.client.renderer.texture.TextureAtlas/]: Created: 64x64x0 minecraft:textures/atlas/map_decorations.png-atlas
[02apr2025 22:27:30.338] [Render thread/INFO] [net.minecraft.client.renderer.texture.TextureAtlas/]: Created: 512x256x0 minecraft:textures/atlas/particles.png-atlas
[02apr2025 22:27:30.339] [Render thread/INFO] [net.minecraft.client.renderer.texture.TextureAtlas/]: Created: 512x256x0 minecraft:textures/atlas/paintings.png-atlas
[02apr2025 22:27:30.340] [Render thread/INFO] [net.minecraft.client.renderer.texture.TextureAtlas/]: Created: 256x128x0 minecraft:textures/atlas/mob_effects.png-atlas
[02apr2025 22:27:30.340] [Render thread/INFO] [net.minecraft.client.renderer.texture.TextureAtlas/]: Created: 1024x512x0 minecraft:textures/atlas/gui.png-atlas
[02apr2025 22:27:30.343] [Render thread/INFO] [net.neoforged.neoforge.client.entity.animation.json.AnimationLoader/]: Loaded 0 entity animations
[02apr2025 22:27:37.867] [Render thread/INFO] [net.minecraft.world.item.crafting.RecipeManager/]: Loaded 1393 recipes
[02apr2025 22:27:37.876] [Render thread/INFO] [net.minecraft.advancements.AdvancementTree/]: Loaded 1504 advancements
[02apr2025 22:27:37.879] [Render thread/INFO] [net.neoforged.neoforge.common.crafting.RecipePriorityManager/]: Loaded 0 recipe priority overrides
[02apr2025 22:27:37.938] [Render thread/ERROR] [net.minecraft.Util/]: Failed to rename
java.nio.file.FileSystemException: .\saves\New World\level3476580053273105617.dat -> .\saves\New World\level.dat: Impossibile accedere al file. Il file è utilizzato da un altro processo
	at java.base/sun.nio.fs.WindowsException.translateToIOException(WindowsException.java:92) ~[?:?]
	at java.base/sun.nio.fs.WindowsException.rethrowAsIOException(WindowsException.java:103) ~[?:?]
	at java.base/sun.nio.fs.WindowsFileCopy.move(WindowsFileCopy.java:414) ~[?:?]
	at java.base/sun.nio.fs.WindowsFileSystemProvider.move(WindowsFileSystemProvider.java:291) ~[?:?]
	at java.base/java.nio.file.Files.move(Files.java:1431) ~[?:?]
	at TRANSFORMER/minecraft@1.21.5/net.minecraft.Util$3.getAsBoolean(Util.java:712) ~[neoforge-21.5.22-beta.jar%23221!/:?]
	at TRANSFORMER/minecraft@1.21.5/net.minecraft.Util.executeInSequence(Util.java:777) ~[neoforge-21.5.22-beta.jar%23221!/:?]
	at TRANSFORMER/minecraft@1.21.5/net.minecraft.Util.runWithRetries(Util.java:788) ~[neoforge-21.5.22-beta.jar%23221!/:?]
	at TRANSFORMER/minecraft@1.21.5/net.minecraft.Util.safeReplaceOrMoveFile(Util.java:811) ~[neoforge-21.5.22-beta.jar%23221!/:?]
	at TRANSFORMER/minecraft@1.21.5/net.minecraft.Util.safeReplaceFile(Util.java:800) ~[neoforge-21.5.22-beta.jar%23221!/:?]
	at TRANSFORMER/minecraft@1.21.5/net.minecraft.world.level.storage.LevelStorageSource$LevelStorageAccess.saveLevelData(LevelStorageSource.java:522) ~[neoforge-21.5.22-beta.jar%23221!/:?]
	at TRANSFORMER/minecraft@1.21.5/net.minecraft.world.level.storage.LevelStorageSource$LevelStorageAccess.saveDataTag(LevelStorageSource.java:511) ~[neoforge-21.5.22-beta.jar%23221!/:?]
	at TRANSFORMER/minecraft@1.21.5/net.minecraft.world.level.storage.LevelStorageSource$LevelStorageAccess.saveDataTag(LevelStorageSource.java:503) ~[neoforge-21.5.22-beta.jar%23221!/:?]
	at TRANSFORMER/minecraft@1.21.5/net.minecraft.client.Minecraft.doWorldLoad(Minecraft.java:2020) ~[neoforge-21.5.22-beta.jar%23221!/:?]
	at TRANSFORMER/minecraft@1.21.5/net.minecraft.client.gui.screens.worldselection.WorldOpenFlows.openWorldDoLoad(WorldOpenFlows.java:458) ~[neoforge-21.5.22-beta.jar%23221!/:?]
	at TRANSFORMER/minecraft@1.21.5/net.minecraft.client.gui.screens.worldselection.WorldOpenFlows.openWorldCheckDiskSpace(WorldOpenFlows.java:453) ~[neoforge-21.5.22-beta.jar%23221!/:?]
	at TRANSFORMER/minecraft@1.21.5/net.minecraft.client.gui.screens.worldselection.WorldOpenFlows.lambda$openWorldLoadBundledResourcePack$16(WorldOpenFlows.java:416) ~[neoforge-21.5.22-beta.jar%23221!/:?]
	at java.base/java.util.concurrent.CompletableFuture$UniAccept.tryFire(CompletableFuture.java:718) ~[?:?]
	at java.base/java.util.concurrent.CompletableFuture$Completion.run(CompletableFuture.java:482) ~[?:?]
	at TRANSFORMER/minecraft@1.21.5/net.minecraft.util.thread.BlockableEventLoop.execute(BlockableEventLoop.java:102) ~[neoforge-21.5.22-beta.jar%23221!/:?]
	at java.base/java.util.concurrent.CompletableFuture.uniAcceptNow(CompletableFuture.java:754) ~[?:?]
	at java.base/java.util.concurrent.CompletableFuture.uniAcceptStage(CompletableFuture.java:735) ~[?:?]
	at java.base/java.util.concurrent.CompletableFuture.thenAcceptAsync(CompletableFuture.java:2223) ~[?:?]
	at TRANSFORMER/minecraft@1.21.5/net.minecraft.client.gui.screens.worldselection.WorldOpenFlows.openWorldLoadBundledResourcePack(WorldOpenFlows.java:414) ~[neoforge-21.5.22-beta.jar%23221!/:?]
	at TRANSFORMER/minecraft@1.21.5/net.minecraft.client.gui.screens.worldselection.WorldOpenFlows.openWorldCheckWorldStemCompatibility(WorldOpenFlows.java:389) ~[neoforge-21.5.22-beta.jar%23221!/:?]
	at TRANSFORMER/minecraft@1.21.5/net.minecraft.client.gui.screens.worldselection.WorldOpenFlows.openWorldLoadLevelStem(WorldOpenFlows.java:378) ~[neoforge-21.5.22-beta.jar%23221!/:?]
	at TRANSFORMER/minecraft@1.21.5/net.minecraft.client.gui.screens.worldselection.WorldOpenFlows.openWorldCheckVersionCompatibility(WorldOpenFlows.java:338) ~[neoforge-21.5.22-beta.jar%23221!/:?]
	at TRANSFORMER/minecraft@1.21.5/net.minecraft.client.gui.screens.worldselection.WorldOpenFlows.openWorldLoadLevelData(WorldOpenFlows.java:300) ~[neoforge-21.5.22-beta.jar%23221!/:?]
	at TRANSFORMER/minecraft@1.21.5/net.minecraft.client.gui.screens.worldselection.WorldOpenFlows.openWorld(WorldOpenFlows.java:266) ~[neoforge-21.5.22-beta.jar%23221!/:?]
	at TRANSFORMER/minecraft@1.21.5/net.minecraft.client.gui.screens.worldselection.WorldSelectionList$WorldListEntry.joinWorld(WorldSelectionList.java:496) ~[neoforge-21.5.22-beta.jar%23221!/:?]
	at TRANSFORMER/minecraft@1.21.5/net.minecraft.client.gui.screens.worldselection.WorldSelectionList$WorldListEntry.mouseClicked(WorldSelectionList.java:479) ~[neoforge-21.5.22-beta.jar%23221!/:?]
	at TRANSFORMER/minecraft@1.21.5/net.minecraft.client.gui.components.events.ContainerEventHandler.mouseClicked(ContainerEventHandler.java:44) ~[neoforge-21.5.22-beta.jar%23221!/:?]
	at TRANSFORMER/minecraft@1.21.5/net.minecraft.client.gui.components.AbstractContainerWidget.mouseClicked(AbstractContainerWidget.java:60) ~[neoforge-21.5.22-beta.jar%23221!/:?]
	at TRANSFORMER/minecraft@1.21.5/net.minecraft.client.gui.components.events.ContainerEventHandler.mouseClicked(ContainerEventHandler.java:44) ~[neoforge-21.5.22-beta.jar%23221!/:?]
	at TRANSFORMER/minecraft@1.21.5/net.minecraft.client.MouseHandler.onPress(MouseHandler.java:110) ~[neoforge-21.5.22-beta.jar%23221!/:?]
	at TRANSFORMER/minecraft@1.21.5/net.minecraft.client.MouseHandler.lambda$setup$4(MouseHandler.java:249) ~[neoforge-21.5.22-beta.jar%23221!/:?]
	at TRANSFORMER/minecraft@1.21.5/net.minecraft.util.thread.BlockableEventLoop.execute(BlockableEventLoop.java:102) ~[neoforge-21.5.22-beta.jar%23221!/:?]
	at TRANSFORMER/minecraft@1.21.5/net.minecraft.client.MouseHandler.lambda$setup$5(MouseHandler.java:249) ~[neoforge-21.5.22-beta.jar%23221!/:?]
	at MC-BOOTSTRAP/org.lwjgl.glfw@3.3.3+5/org.lwjgl.glfw.GLFWMouseButtonCallbackI.callback(GLFWMouseButtonCallbackI.java:43) ~[lwjgl-glfw-3.3.3.jar%23203!/:build 5]
	at MC-BOOTSTRAP/org.lwjgl@3.3.3+5/org.lwjgl.system.JNI.invokeV(Native Method) ~[lwjgl-3.3.3.jar%23214!/:build 5]
	at MC-BOOTSTRAP/org.lwjgl.glfw@3.3.3+5/org.lwjgl.glfw.GLFW.glfwWaitEventsTimeout(GLFW.java:3509) ~[lwjgl-glfw-3.3.3.jar%23203!/:build 5]
	at TRANSFORMER/minecraft@1.21.5/com.mojang.blaze3d.systems.RenderSystem.limitDisplayFPS(RenderSystem.java:146) ~[neoforge-21.5.22-beta.jar%23221!/:?]
	at TRANSFORMER/minecraft@1.21.5/net.minecraft.client.Minecraft.runTick(Minecraft.java:1298) ~[neoforge-21.5.22-beta.jar%23221!/:?]
	at TRANSFORMER/minecraft@1.21.5/net.minecraft.client.Minecraft.run(Minecraft.java:869) ~[neoforge-21.5.22-beta.jar%23221!/:?]
	at TRANSFORMER/minecraft@1.21.5/net.minecraft.client.main.Main.main(Main.java:243) ~[neoforge-21.5.22-beta.jar%23221!/:?]
	at java.base/jdk.internal.reflect.DirectMethodHandleAccessor.invoke(DirectMethodHandleAccessor.java:103) ~[?:?]
	at java.base/java.lang.reflect.Method.invoke(Method.java:580) ~[?:?]
	at MC-BOOTSTRAP/fml_loader@7.0.10/net.neoforged.fml.loading.targets.CommonLaunchHandler.runTarget(CommonLaunchHandler.java:128) ~[loader-7.0.10.jar%23177!/:7.0]
	at MC-BOOTSTRAP/fml_loader@7.0.10/net.neoforged.fml.loading.targets.CommonLaunchHandler.clientService(CommonLaunchHandler.java:120) ~[loader-7.0.10.jar%23177!/:7.0]
	at MC-BOOTSTRAP/fml_loader@7.0.10/net.neoforged.fml.loading.targets.NeoForgeClientDevLaunchHandler.runService(NeoForgeClientDevLaunchHandler.java:49) ~[loader-7.0.10.jar%23177!/:7.0]
	at MC-BOOTSTRAP/fml_loader@7.0.10/net.neoforged.fml.loading.targets.CommonLaunchHandler.lambda$launchService$4(CommonLaunchHandler.java:114) ~[loader-7.0.10.jar%23177!/:7.0]
	at MC-BOOTSTRAP/cpw.mods.modlauncher@11.0.4/cpw.mods.modlauncher.LaunchServiceHandlerDecorator.launch(LaunchServiceHandlerDecorator.java:30) [modlauncher-11.0.4.jar%23156!/:?]
	at MC-BOOTSTRAP/cpw.mods.modlauncher@11.0.4/cpw.mods.modlauncher.LaunchServiceHandler.launch(LaunchServiceHandler.java:53) [modlauncher-11.0.4.jar%23156!/:?]
	at MC-BOOTSTRAP/cpw.mods.modlauncher@11.0.4/cpw.mods.modlauncher.LaunchServiceHandler.launch(LaunchServiceHandler.java:71) [modlauncher-11.0.4.jar%23156!/:?]
	at MC-BOOTSTRAP/cpw.mods.modlauncher@11.0.4/cpw.mods.modlauncher.Launcher.run(Launcher.java:103) [modlauncher-11.0.4.jar%23156!/:?]
	at MC-BOOTSTRAP/cpw.mods.modlauncher@11.0.4/cpw.mods.modlauncher.Launcher.main(Launcher.java:74) [modlauncher-11.0.4.jar%23156!/:?]
	at MC-BOOTSTRAP/cpw.mods.modlauncher@11.0.4/cpw.mods.modlauncher.BootstrapLaunchConsumer.accept(BootstrapLaunchConsumer.java:26) [modlauncher-11.0.4.jar%23156!/:?]
	at MC-BOOTSTRAP/cpw.mods.modlauncher@11.0.4/cpw.mods.modlauncher.BootstrapLaunchConsumer.accept(BootstrapLaunchConsumer.java:23) [modlauncher-11.0.4.jar%23156!/:?]
	at cpw.mods.bootstraplauncher@2.0.2/cpw.mods.bootstraplauncher.BootstrapLauncher.run(BootstrapLauncher.java:210) [bootstraplauncher-2.0.2.jar:?]
	at cpw.mods.bootstraplauncher@2.0.2/cpw.mods.bootstraplauncher.BootstrapLauncher.main(BootstrapLauncher.java:69) [bootstraplauncher-2.0.2.jar:?]
[02apr2025 22:27:37.940] [Render thread/WARN] [net.minecraft.Util/]: Failed to execute rename .\saves\New World\level3476580053273105617.dat to .\saves\New World\level.dat
[02apr2025 22:27:37.940] [Render thread/ERROR] [net.minecraft.Util/]: Failed to replace .\saves\New World\level.dat with .\saves\New World\level3476580053273105617.dat, retrying 0/10
[02apr2025 22:27:37.940] [Render thread/ERROR] [net.minecraft.Util/]: Failed to rename
java.nio.file.FileSystemException: .\saves\New World\level3476580053273105617.dat -> .\saves\New World\level.dat: Impossibile accedere al file. Il file è utilizzato da un altro processo
	at java.base/sun.nio.fs.WindowsException.translateToIOException(WindowsException.java:92) ~[?:?]
	at java.base/sun.nio.fs.WindowsException.rethrowAsIOException(WindowsException.java:103) ~[?:?]
	at java.base/sun.nio.fs.WindowsFileCopy.move(WindowsFileCopy.java:414) ~[?:?]
	at java.base/sun.nio.fs.WindowsFileSystemProvider.move(WindowsFileSystemProvider.java:291) ~[?:?]
	at java.base/java.nio.file.Files.move(Files.java:1431) ~[?:?]
	at TRANSFORMER/minecraft@1.21.5/net.minecraft.Util$3.getAsBoolean(Util.java:712) ~[neoforge-21.5.22-beta.jar%23221!/:?]
	at TRANSFORMER/minecraft@1.21.5/net.minecraft.Util.executeInSequence(Util.java:777) ~[neoforge-21.5.22-beta.jar%23221!/:?]
	at TRANSFORMER/minecraft@1.21.5/net.minecraft.Util.runWithRetries(Util.java:788) ~[neoforge-21.5.22-beta.jar%23221!/:?]
	at TRANSFORMER/minecraft@1.21.5/net.minecraft.Util.safeReplaceOrMoveFile(Util.java:811) ~[neoforge-21.5.22-beta.jar%23221!/:?]
	at TRANSFORMER/minecraft@1.21.5/net.minecraft.Util.safeReplaceFile(Util.java:800) ~[neoforge-21.5.22-beta.jar%23221!/:?]
	at TRANSFORMER/minecraft@1.21.5/net.minecraft.world.level.storage.LevelStorageSource$LevelStorageAccess.saveLevelData(LevelStorageSource.java:522) ~[neoforge-21.5.22-beta.jar%23221!/:?]
	at TRANSFORMER/minecraft@1.21.5/net.minecraft.world.level.storage.LevelStorageSource$LevelStorageAccess.saveDataTag(LevelStorageSource.java:511) ~[neoforge-21.5.22-beta.jar%23221!/:?]
	at TRANSFORMER/minecraft@1.21.5/net.minecraft.world.level.storage.LevelStorageSource$LevelStorageAccess.saveDataTag(LevelStorageSource.java:503) ~[neoforge-21.5.22-beta.jar%23221!/:?]
	at TRANSFORMER/minecraft@1.21.5/net.minecraft.client.Minecraft.doWorldLoad(Minecraft.java:2020) ~[neoforge-21.5.22-beta.jar%23221!/:?]
	at TRANSFORMER/minecraft@1.21.5/net.minecraft.client.gui.screens.worldselection.WorldOpenFlows.openWorldDoLoad(WorldOpenFlows.java:458) ~[neoforge-21.5.22-beta.jar%23221!/:?]
	at TRANSFORMER/minecraft@1.21.5/net.minecraft.client.gui.screens.worldselection.WorldOpenFlows.openWorldCheckDiskSpace(WorldOpenFlows.java:453) ~[neoforge-21.5.22-beta.jar%23221!/:?]
	at TRANSFORMER/minecraft@1.21.5/net.minecraft.client.gui.screens.worldselection.WorldOpenFlows.lambda$openWorldLoadBundledResourcePack$16(WorldOpenFlows.java:416) ~[neoforge-21.5.22-beta.jar%23221!/:?]
	at java.base/java.util.concurrent.CompletableFuture$UniAccept.tryFire(CompletableFuture.java:718) ~[?:?]
	at java.base/java.util.concurrent.CompletableFuture$Completion.run(CompletableFuture.java:482) ~[?:?]
	at TRANSFORMER/minecraft@1.21.5/net.minecraft.util.thread.BlockableEventLoop.execute(BlockableEventLoop.java:102) ~[neoforge-21.5.22-beta.jar%23221!/:?]
	at java.base/java.util.concurrent.CompletableFuture.uniAcceptNow(CompletableFuture.java:754) ~[?:?]
	at java.base/java.util.concurrent.CompletableFuture.uniAcceptStage(CompletableFuture.java:735) ~[?:?]
	at java.base/java.util.concurrent.CompletableFuture.thenAcceptAsync(CompletableFuture.java:2223) ~[?:?]
	at TRANSFORMER/minecraft@1.21.5/net.minecraft.client.gui.screens.worldselection.WorldOpenFlows.openWorldLoadBundledResourcePack(WorldOpenFlows.java:414) ~[neoforge-21.5.22-beta.jar%23221!/:?]
	at TRANSFORMER/minecraft@1.21.5/net.minecraft.client.gui.screens.worldselection.WorldOpenFlows.openWorldCheckWorldStemCompatibility(WorldOpenFlows.java:389) ~[neoforge-21.5.22-beta.jar%23221!/:?]
	at TRANSFORMER/minecraft@1.21.5/net.minecraft.client.gui.screens.worldselection.WorldOpenFlows.openWorldLoadLevelStem(WorldOpenFlows.java:378) ~[neoforge-21.5.22-beta.jar%23221!/:?]
	at TRANSFORMER/minecraft@1.21.5/net.minecraft.client.gui.screens.worldselection.WorldOpenFlows.openWorldCheckVersionCompatibility(WorldOpenFlows.java:338) ~[neoforge-21.5.22-beta.jar%23221!/:?]
	at TRANSFORMER/minecraft@1.21.5/net.minecraft.client.gui.screens.worldselection.WorldOpenFlows.openWorldLoadLevelData(WorldOpenFlows.java:300) ~[neoforge-21.5.22-beta.jar%23221!/:?]
	at TRANSFORMER/minecraft@1.21.5/net.minecraft.client.gui.screens.worldselection.WorldOpenFlows.openWorld(WorldOpenFlows.java:266) ~[neoforge-21.5.22-beta.jar%23221!/:?]
	at TRANSFORMER/minecraft@1.21.5/net.minecraft.client.gui.screens.worldselection.WorldSelectionList$WorldListEntry.joinWorld(WorldSelectionList.java:496) ~[neoforge-21.5.22-beta.jar%23221!/:?]
	at TRANSFORMER/minecraft@1.21.5/net.minecraft.client.gui.screens.worldselection.WorldSelectionList$WorldListEntry.mouseClicked(WorldSelectionList.java:479) ~[neoforge-21.5.22-beta.jar%23221!/:?]
	at TRANSFORMER/minecraft@1.21.5/net.minecraft.client.gui.components.events.ContainerEventHandler.mouseClicked(ContainerEventHandler.java:44) ~[neoforge-21.5.22-beta.jar%23221!/:?]
	at TRANSFORMER/minecraft@1.21.5/net.minecraft.client.gui.components.AbstractContainerWidget.mouseClicked(AbstractContainerWidget.java:60) ~[neoforge-21.5.22-beta.jar%23221!/:?]
	at TRANSFORMER/minecraft@1.21.5/net.minecraft.client.gui.components.events.ContainerEventHandler.mouseClicked(ContainerEventHandler.java:44) ~[neoforge-21.5.22-beta.jar%23221!/:?]
	at TRANSFORMER/minecraft@1.21.5/net.minecraft.client.MouseHandler.onPress(MouseHandler.java:110) ~[neoforge-21.5.22-beta.jar%23221!/:?]
	at TRANSFORMER/minecraft@1.21.5/net.minecraft.client.MouseHandler.lambda$setup$4(MouseHandler.java:249) ~[neoforge-21.5.22-beta.jar%23221!/:?]
	at TRANSFORMER/minecraft@1.21.5/net.minecraft.util.thread.BlockableEventLoop.execute(BlockableEventLoop.java:102) ~[neoforge-21.5.22-beta.jar%23221!/:?]
	at TRANSFORMER/minecraft@1.21.5/net.minecraft.client.MouseHandler.lambda$setup$5(MouseHandler.java:249) ~[neoforge-21.5.22-beta.jar%23221!/:?]
	at MC-BOOTSTRAP/org.lwjgl.glfw@3.3.3+5/org.lwjgl.glfw.GLFWMouseButtonCallbackI.callback(GLFWMouseButtonCallbackI.java:43) ~[lwjgl-glfw-3.3.3.jar%23203!/:build 5]
	at MC-BOOTSTRAP/org.lwjgl@3.3.3+5/org.lwjgl.system.JNI.invokeV(Native Method) ~[lwjgl-3.3.3.jar%23214!/:build 5]
	at MC-BOOTSTRAP/org.lwjgl.glfw@3.3.3+5/org.lwjgl.glfw.GLFW.glfwWaitEventsTimeout(GLFW.java:3509) ~[lwjgl-glfw-3.3.3.jar%23203!/:build 5]
	at TRANSFORMER/minecraft@1.21.5/com.mojang.blaze3d.systems.RenderSystem.limitDisplayFPS(RenderSystem.java:146) ~[neoforge-21.5.22-beta.jar%23221!/:?]
	at TRANSFORMER/minecraft@1.21.5/net.minecraft.client.Minecraft.runTick(Minecraft.java:1298) ~[neoforge-21.5.22-beta.jar%23221!/:?]
	at TRANSFORMER/minecraft@1.21.5/net.minecraft.client.Minecraft.run(Minecraft.java:869) ~[neoforge-21.5.22-beta.jar%23221!/:?]
	at TRANSFORMER/minecraft@1.21.5/net.minecraft.client.main.Main.main(Main.java:243) ~[neoforge-21.5.22-beta.jar%23221!/:?]
	at java.base/jdk.internal.reflect.DirectMethodHandleAccessor.invoke(DirectMethodHandleAccessor.java:103) ~[?:?]
	at java.base/java.lang.reflect.Method.invoke(Method.java:580) ~[?:?]
	at MC-BOOTSTRAP/fml_loader@7.0.10/net.neoforged.fml.loading.targets.CommonLaunchHandler.runTarget(CommonLaunchHandler.java:128) ~[loader-7.0.10.jar%23177!/:7.0]
	at MC-BOOTSTRAP/fml_loader@7.0.10/net.neoforged.fml.loading.targets.CommonLaunchHandler.clientService(CommonLaunchHandler.java:120) ~[loader-7.0.10.jar%23177!/:7.0]
	at MC-BOOTSTRAP/fml_loader@7.0.10/net.neoforged.fml.loading.targets.NeoForgeClientDevLaunchHandler.runService(NeoForgeClientDevLaunchHandler.java:49) ~[loader-7.0.10.jar%23177!/:7.0]
	at MC-BOOTSTRAP/fml_loader@7.0.10/net.neoforged.fml.loading.targets.CommonLaunchHandler.lambda$launchService$4(CommonLaunchHandler.java:114) ~[loader-7.0.10.jar%23177!/:7.0]
	at MC-BOOTSTRAP/cpw.mods.modlauncher@11.0.4/cpw.mods.modlauncher.LaunchServiceHandlerDecorator.launch(LaunchServiceHandlerDecorator.java:30) [modlauncher-11.0.4.jar%23156!/:?]
	at MC-BOOTSTRAP/cpw.mods.modlauncher@11.0.4/cpw.mods.modlauncher.LaunchServiceHandler.launch(LaunchServiceHandler.java:53) [modlauncher-11.0.4.jar%23156!/:?]
	at MC-BOOTSTRAP/cpw.mods.modlauncher@11.0.4/cpw.mods.modlauncher.LaunchServiceHandler.launch(LaunchServiceHandler.java:71) [modlauncher-11.0.4.jar%23156!/:?]
	at MC-BOOTSTRAP/cpw.mods.modlauncher@11.0.4/cpw.mods.modlauncher.Launcher.run(Launcher.java:103) [modlauncher-11.0.4.jar%23156!/:?]
	at MC-BOOTSTRAP/cpw.mods.modlauncher@11.0.4/cpw.mods.modlauncher.Launcher.main(Launcher.java:74) [modlauncher-11.0.4.jar%23156!/:?]
	at MC-BOOTSTRAP/cpw.mods.modlauncher@11.0.4/cpw.mods.modlauncher.BootstrapLaunchConsumer.accept(BootstrapLaunchConsumer.java:26) [modlauncher-11.0.4.jar%23156!/:?]
	at MC-BOOTSTRAP/cpw.mods.modlauncher@11.0.4/cpw.mods.modlauncher.BootstrapLaunchConsumer.accept(BootstrapLaunchConsumer.java:23) [modlauncher-11.0.4.jar%23156!/:?]
	at cpw.mods.bootstraplauncher@2.0.2/cpw.mods.bootstraplauncher.BootstrapLauncher.run(BootstrapLauncher.java:210) [bootstraplauncher-2.0.2.jar:?]
	at cpw.mods.bootstraplauncher@2.0.2/cpw.mods.bootstraplauncher.BootstrapLauncher.main(BootstrapLauncher.java:69) [bootstraplauncher-2.0.2.jar:?]
[02apr2025 22:27:37.942] [Render thread/WARN] [net.minecraft.Util/]: Failed to execute rename .\saves\New World\level3476580053273105617.dat to .\saves\New World\level.dat
[02apr2025 22:27:37.942] [Render thread/ERROR] [net.minecraft.Util/]: Failed to replace .\saves\New World\level.dat with .\saves\New World\level3476580053273105617.dat, retrying 1/10
[02apr2025 22:27:37.942] [Render thread/ERROR] [net.minecraft.Util/]: Failed to rename
java.nio.file.FileSystemException: .\saves\New World\level3476580053273105617.dat -> .\saves\New World\level.dat: Impossibile accedere al file. Il file è utilizzato da un altro processo
	at java.base/sun.nio.fs.WindowsException.translateToIOException(WindowsException.java:92) ~[?:?]
	at java.base/sun.nio.fs.WindowsException.rethrowAsIOException(WindowsException.java:103) ~[?:?]
	at java.base/sun.nio.fs.WindowsFileCopy.move(WindowsFileCopy.java:414) ~[?:?]
	at java.base/sun.nio.fs.WindowsFileSystemProvider.move(WindowsFileSystemProvider.java:291) ~[?:?]
	at java.base/java.nio.file.Files.move(Files.java:1431) ~[?:?]
	at TRANSFORMER/minecraft@1.21.5/net.minecraft.Util$3.getAsBoolean(Util.java:712) ~[neoforge-21.5.22-beta.jar%23221!/:?]
	at TRANSFORMER/minecraft@1.21.5/net.minecraft.Util.executeInSequence(Util.java:777) ~[neoforge-21.5.22-beta.jar%23221!/:?]
	at TRANSFORMER/minecraft@1.21.5/net.minecraft.Util.runWithRetries(Util.java:788) ~[neoforge-21.5.22-beta.jar%23221!/:?]
	at TRANSFORMER/minecraft@1.21.5/net.minecraft.Util.safeReplaceOrMoveFile(Util.java:811) ~[neoforge-21.5.22-beta.jar%23221!/:?]
	at TRANSFORMER/minecraft@1.21.5/net.minecraft.Util.safeReplaceFile(Util.java:800) ~[neoforge-21.5.22-beta.jar%23221!/:?]
	at TRANSFORMER/minecraft@1.21.5/net.minecraft.world.level.storage.LevelStorageSource$LevelStorageAccess.saveLevelData(LevelStorageSource.java:522) ~[neoforge-21.5.22-beta.jar%23221!/:?]
	at TRANSFORMER/minecraft@1.21.5/net.minecraft.world.level.storage.LevelStorageSource$LevelStorageAccess.saveDataTag(LevelStorageSource.java:511) ~[neoforge-21.5.22-beta.jar%23221!/:?]
	at TRANSFORMER/minecraft@1.21.5/net.minecraft.world.level.storage.LevelStorageSource$LevelStorageAccess.saveDataTag(LevelStorageSource.java:503) ~[neoforge-21.5.22-beta.jar%23221!/:?]
	at TRANSFORMER/minecraft@1.21.5/net.minecraft.client.Minecraft.doWorldLoad(Minecraft.java:2020) ~[neoforge-21.5.22-beta.jar%23221!/:?]
	at TRANSFORMER/minecraft@1.21.5/net.minecraft.client.gui.screens.worldselection.WorldOpenFlows.openWorldDoLoad(WorldOpenFlows.java:458) ~[neoforge-21.5.22-beta.jar%23221!/:?]
	at TRANSFORMER/minecraft@1.21.5/net.minecraft.client.gui.screens.worldselection.WorldOpenFlows.openWorldCheckDiskSpace(WorldOpenFlows.java:453) ~[neoforge-21.5.22-beta.jar%23221!/:?]
	at TRANSFORMER/minecraft@1.21.5/net.minecraft.client.gui.screens.worldselection.WorldOpenFlows.lambda$openWorldLoadBundledResourcePack$16(WorldOpenFlows.java:416) ~[neoforge-21.5.22-beta.jar%23221!/:?]
	at java.base/java.util.concurrent.CompletableFuture$UniAccept.tryFire(CompletableFuture.java:718) ~[?:?]
	at java.base/java.util.concurrent.CompletableFuture$Completion.run(CompletableFuture.java:482) ~[?:?]
	at TRANSFORMER/minecraft@1.21.5/net.minecraft.util.thread.BlockableEventLoop.execute(BlockableEventLoop.java:102) ~[neoforge-21.5.22-beta.jar%23221!/:?]
	at java.base/java.util.concurrent.CompletableFuture.uniAcceptNow(CompletableFuture.java:754) ~[?:?]
	at java.base/java.util.concurrent.CompletableFuture.uniAcceptStage(CompletableFuture.java:735) ~[?:?]
	at java.base/java.util.concurrent.CompletableFuture.thenAcceptAsync(CompletableFuture.java:2223) ~[?:?]
	at TRANSFORMER/minecraft@1.21.5/net.minecraft.client.gui.screens.worldselection.WorldOpenFlows.openWorldLoadBundledResourcePack(WorldOpenFlows.java:414) ~[neoforge-21.5.22-beta.jar%23221!/:?]
	at TRANSFORMER/minecraft@1.21.5/net.minecraft.client.gui.screens.worldselection.WorldOpenFlows.openWorldCheckWorldStemCompatibility(WorldOpenFlows.java:389) ~[neoforge-21.5.22-beta.jar%23221!/:?]
	at TRANSFORMER/minecraft@1.21.5/net.minecraft.client.gui.screens.worldselection.WorldOpenFlows.openWorldLoadLevelStem(WorldOpenFlows.java:378) ~[neoforge-21.5.22-beta.jar%23221!/:?]
	at TRANSFORMER/minecraft@1.21.5/net.minecraft.client.gui.screens.worldselection.WorldOpenFlows.openWorldCheckVersionCompatibility(WorldOpenFlows.java:338) ~[neoforge-21.5.22-beta.jar%23221!/:?]
	at TRANSFORMER/minecraft@1.21.5/net.minecraft.client.gui.screens.worldselection.WorldOpenFlows.openWorldLoadLevelData(WorldOpenFlows.java:300) ~[neoforge-21.5.22-beta.jar%23221!/:?]
	at TRANSFORMER/minecraft@1.21.5/net.minecraft.client.gui.screens.worldselection.WorldOpenFlows.openWorld(WorldOpenFlows.java:266) ~[neoforge-21.5.22-beta.jar%23221!/:?]
	at TRANSFORMER/minecraft@1.21.5/net.minecraft.client.gui.screens.worldselection.WorldSelectionList$WorldListEntry.joinWorld(WorldSelectionList.java:496) ~[neoforge-21.5.22-beta.jar%23221!/:?]
	at TRANSFORMER/minecraft@1.21.5/net.minecraft.client.gui.screens.worldselection.WorldSelectionList$WorldListEntry.mouseClicked(WorldSelectionList.java:479) ~[neoforge-21.5.22-beta.jar%23221!/:?]
	at TRANSFORMER/minecraft@1.21.5/net.minecraft.client.gui.components.events.ContainerEventHandler.mouseClicked(ContainerEventHandler.java:44) ~[neoforge-21.5.22-beta.jar%23221!/:?]
	at TRANSFORMER/minecraft@1.21.5/net.minecraft.client.gui.components.AbstractContainerWidget.mouseClicked(AbstractContainerWidget.java:60) ~[neoforge-21.5.22-beta.jar%23221!/:?]
	at TRANSFORMER/minecraft@1.21.5/net.minecraft.client.gui.components.events.ContainerEventHandler.mouseClicked(ContainerEventHandler.java:44) ~[neoforge-21.5.22-beta.jar%23221!/:?]
	at TRANSFORMER/minecraft@1.21.5/net.minecraft.client.MouseHandler.onPress(MouseHandler.java:110) ~[neoforge-21.5.22-beta.jar%23221!/:?]
	at TRANSFORMER/minecraft@1.21.5/net.minecraft.client.MouseHandler.lambda$setup$4(MouseHandler.java:249) ~[neoforge-21.5.22-beta.jar%23221!/:?]
	at TRANSFORMER/minecraft@1.21.5/net.minecraft.util.thread.BlockableEventLoop.execute(BlockableEventLoop.java:102) ~[neoforge-21.5.22-beta.jar%23221!/:?]
	at TRANSFORMER/minecraft@1.21.5/net.minecraft.client.MouseHandler.lambda$setup$5(MouseHandler.java:249) ~[neoforge-21.5.22-beta.jar%23221!/:?]
	at MC-BOOTSTRAP/org.lwjgl.glfw@3.3.3+5/org.lwjgl.glfw.GLFWMouseButtonCallbackI.callback(GLFWMouseButtonCallbackI.java:43) ~[lwjgl-glfw-3.3.3.jar%23203!/:build 5]
	at MC-BOOTSTRAP/org.lwjgl@3.3.3+5/org.lwjgl.system.JNI.invokeV(Native Method) ~[lwjgl-3.3.3.jar%23214!/:build 5]
	at MC-BOOTSTRAP/org.lwjgl.glfw@3.3.3+5/org.lwjgl.glfw.GLFW.glfwWaitEventsTimeout(GLFW.java:3509) ~[lwjgl-glfw-3.3.3.jar%23203!/:build 5]
	at TRANSFORMER/minecraft@1.21.5/com.mojang.blaze3d.systems.RenderSystem.limitDisplayFPS(RenderSystem.java:146) ~[neoforge-21.5.22-beta.jar%23221!/:?]
	at TRANSFORMER/minecraft@1.21.5/net.minecraft.client.Minecraft.runTick(Minecraft.java:1298) ~[neoforge-21.5.22-beta.jar%23221!/:?]
	at TRANSFORMER/minecraft@1.21.5/net.minecraft.client.Minecraft.run(Minecraft.java:869) ~[neoforge-21.5.22-beta.jar%23221!/:?]
	at TRANSFORMER/minecraft@1.21.5/net.minecraft.client.main.Main.main(Main.java:243) ~[neoforge-21.5.22-beta.jar%23221!/:?]
	at java.base/jdk.internal.reflect.DirectMethodHandleAccessor.invoke(DirectMethodHandleAccessor.java:103) ~[?:?]
	at java.base/java.lang.reflect.Method.invoke(Method.java:580) ~[?:?]
	at MC-BOOTSTRAP/fml_loader@7.0.10/net.neoforged.fml.loading.targets.CommonLaunchHandler.runTarget(CommonLaunchHandler.java:128) ~[loader-7.0.10.jar%23177!/:7.0]
	at MC-BOOTSTRAP/fml_loader@7.0.10/net.neoforged.fml.loading.targets.CommonLaunchHandler.clientService(CommonLaunchHandler.java:120) ~[loader-7.0.10.jar%23177!/:7.0]
	at MC-BOOTSTRAP/fml_loader@7.0.10/net.neoforged.fml.loading.targets.NeoForgeClientDevLaunchHandler.runService(NeoForgeClientDevLaunchHandler.java:49) ~[loader-7.0.10.jar%23177!/:7.0]
	at MC-BOOTSTRAP/fml_loader@7.0.10/net.neoforged.fml.loading.targets.CommonLaunchHandler.lambda$launchService$4(CommonLaunchHandler.java:114) ~[loader-7.0.10.jar%23177!/:7.0]
	at MC-BOOTSTRAP/cpw.mods.modlauncher@11.0.4/cpw.mods.modlauncher.LaunchServiceHandlerDecorator.launch(LaunchServiceHandlerDecorator.java:30) [modlauncher-11.0.4.jar%23156!/:?]
	at MC-BOOTSTRAP/cpw.mods.modlauncher@11.0.4/cpw.mods.modlauncher.LaunchServiceHandler.launch(LaunchServiceHandler.java:53) [modlauncher-11.0.4.jar%23156!/:?]
	at MC-BOOTSTRAP/cpw.mods.modlauncher@11.0.4/cpw.mods.modlauncher.LaunchServiceHandler.launch(LaunchServiceHandler.java:71) [modlauncher-11.0.4.jar%23156!/:?]
	at MC-BOOTSTRAP/cpw.mods.modlauncher@11.0.4/cpw.mods.modlauncher.Launcher.run(Launcher.java:103) [modlauncher-11.0.4.jar%23156!/:?]
	at MC-BOOTSTRAP/cpw.mods.modlauncher@11.0.4/cpw.mods.modlauncher.Launcher.main(Launcher.java:74) [modlauncher-11.0.4.jar%23156!/:?]
	at MC-BOOTSTRAP/cpw.mods.modlauncher@11.0.4/cpw.mods.modlauncher.BootstrapLaunchConsumer.accept(BootstrapLaunchConsumer.java:26) [modlauncher-11.0.4.jar%23156!/:?]
	at MC-BOOTSTRAP/cpw.mods.modlauncher@11.0.4/cpw.mods.modlauncher.BootstrapLaunchConsumer.accept(BootstrapLaunchConsumer.java:23) [modlauncher-11.0.4.jar%23156!/:?]
	at cpw.mods.bootstraplauncher@2.0.2/cpw.mods.bootstraplauncher.BootstrapLauncher.run(BootstrapLauncher.java:210) [bootstraplauncher-2.0.2.jar:?]
	at cpw.mods.bootstraplauncher@2.0.2/cpw.mods.bootstraplauncher.BootstrapLauncher.main(BootstrapLauncher.java:69) [bootstraplauncher-2.0.2.jar:?]
[02apr2025 22:27:37.945] [Render thread/WARN] [net.minecraft.Util/]: Failed to execute rename .\saves\New World\level3476580053273105617.dat to .\saves\New World\level.dat
[02apr2025 22:27:37.945] [Render thread/ERROR] [net.minecraft.Util/]: Failed to replace .\saves\New World\level.dat with .\saves\New World\level3476580053273105617.dat, retrying 2/10
[02apr2025 22:27:37.945] [Render thread/ERROR] [net.minecraft.Util/]: Failed to rename
java.nio.file.FileSystemException: .\saves\New World\level3476580053273105617.dat -> .\saves\New World\level.dat: Impossibile accedere al file. Il file è utilizzato da un altro processo
	at java.base/sun.nio.fs.WindowsException.translateToIOException(WindowsException.java:92) ~[?:?]
	at java.base/sun.nio.fs.WindowsException.rethrowAsIOException(WindowsException.java:103) ~[?:?]
	at java.base/sun.nio.fs.WindowsFileCopy.move(WindowsFileCopy.java:414) ~[?:?]
	at java.base/sun.nio.fs.WindowsFileSystemProvider.move(WindowsFileSystemProvider.java:291) ~[?:?]
	at java.base/java.nio.file.Files.move(Files.java:1431) ~[?:?]
	at TRANSFORMER/minecraft@1.21.5/net.minecraft.Util$3.getAsBoolean(Util.java:712) ~[neoforge-21.5.22-beta.jar%23221!/:?]
	at TRANSFORMER/minecraft@1.21.5/net.minecraft.Util.executeInSequence(Util.java:777) ~[neoforge-21.5.22-beta.jar%23221!/:?]
	at TRANSFORMER/minecraft@1.21.5/net.minecraft.Util.runWithRetries(Util.java:788) ~[neoforge-21.5.22-beta.jar%23221!/:?]
	at TRANSFORMER/minecraft@1.21.5/net.minecraft.Util.safeReplaceOrMoveFile(Util.java:811) ~[neoforge-21.5.22-beta.jar%23221!/:?]
	at TRANSFORMER/minecraft@1.21.5/net.minecraft.Util.safeReplaceFile(Util.java:800) ~[neoforge-21.5.22-beta.jar%23221!/:?]
	at TRANSFORMER/minecraft@1.21.5/net.minecraft.world.level.storage.LevelStorageSource$LevelStorageAccess.saveLevelData(LevelStorageSource.java:522) ~[neoforge-21.5.22-beta.jar%23221!/:?]
	at TRANSFORMER/minecraft@1.21.5/net.minecraft.world.level.storage.LevelStorageSource$LevelStorageAccess.saveDataTag(LevelStorageSource.java:511) ~[neoforge-21.5.22-beta.jar%23221!/:?]
	at TRANSFORMER/minecraft@1.21.5/net.minecraft.world.level.storage.LevelStorageSource$LevelStorageAccess.saveDataTag(LevelStorageSource.java:503) ~[neoforge-21.5.22-beta.jar%23221!/:?]
	at TRANSFORMER/minecraft@1.21.5/net.minecraft.client.Minecraft.doWorldLoad(Minecraft.java:2020) ~[neoforge-21.5.22-beta.jar%23221!/:?]
	at TRANSFORMER/minecraft@1.21.5/net.minecraft.client.gui.screens.worldselection.WorldOpenFlows.openWorldDoLoad(WorldOpenFlows.java:458) ~[neoforge-21.5.22-beta.jar%23221!/:?]
	at TRANSFORMER/minecraft@1.21.5/net.minecraft.client.gui.screens.worldselection.WorldOpenFlows.openWorldCheckDiskSpace(WorldOpenFlows.java:453) ~[neoforge-21.5.22-beta.jar%23221!/:?]
	at TRANSFORMER/minecraft@1.21.5/net.minecraft.client.gui.screens.worldselection.WorldOpenFlows.lambda$openWorldLoadBundledResourcePack$16(WorldOpenFlows.java:416) ~[neoforge-21.5.22-beta.jar%23221!/:?]
	at java.base/java.util.concurrent.CompletableFuture$UniAccept.tryFire(CompletableFuture.java:718) ~[?:?]
	at java.base/java.util.concurrent.CompletableFuture$Completion.run(CompletableFuture.java:482) ~[?:?]
	at TRANSFORMER/minecraft@1.21.5/net.minecraft.util.thread.BlockableEventLoop.execute(BlockableEventLoop.java:102) ~[neoforge-21.5.22-beta.jar%23221!/:?]
	at java.base/java.util.concurrent.CompletableFuture.uniAcceptNow(CompletableFuture.java:754) ~[?:?]
	at java.base/java.util.concurrent.CompletableFuture.uniAcceptStage(CompletableFuture.java:735) ~[?:?]
	at java.base/java.util.concurrent.CompletableFuture.thenAcceptAsync(CompletableFuture.java:2223) ~[?:?]
	at TRANSFORMER/minecraft@1.21.5/net.minecraft.client.gui.screens.worldselection.WorldOpenFlows.openWorldLoadBundledResourcePack(WorldOpenFlows.java:414) ~[neoforge-21.5.22-beta.jar%23221!/:?]
	at TRANSFORMER/minecraft@1.21.5/net.minecraft.client.gui.screens.worldselection.WorldOpenFlows.openWorldCheckWorldStemCompatibility(WorldOpenFlows.java:389) ~[neoforge-21.5.22-beta.jar%23221!/:?]
	at TRANSFORMER/minecraft@1.21.5/net.minecraft.client.gui.screens.worldselection.WorldOpenFlows.openWorldLoadLevelStem(WorldOpenFlows.java:378) ~[neoforge-21.5.22-beta.jar%23221!/:?]
	at TRANSFORMER/minecraft@1.21.5/net.minecraft.client.gui.screens.worldselection.WorldOpenFlows.openWorldCheckVersionCompatibility(WorldOpenFlows.java:338) ~[neoforge-21.5.22-beta.jar%23221!/:?]
	at TRANSFORMER/minecraft@1.21.5/net.minecraft.client.gui.screens.worldselection.WorldOpenFlows.openWorldLoadLevelData(WorldOpenFlows.java:300) ~[neoforge-21.5.22-beta.jar%23221!/:?]
	at TRANSFORMER/minecraft@1.21.5/net.minecraft.client.gui.screens.worldselection.WorldOpenFlows.openWorld(WorldOpenFlows.java:266) ~[neoforge-21.5.22-beta.jar%23221!/:?]
	at TRANSFORMER/minecraft@1.21.5/net.minecraft.client.gui.screens.worldselection.WorldSelectionList$WorldListEntry.joinWorld(WorldSelectionList.java:496) ~[neoforge-21.5.22-beta.jar%23221!/:?]
	at TRANSFORMER/minecraft@1.21.5/net.minecraft.client.gui.screens.worldselection.WorldSelectionList$WorldListEntry.mouseClicked(WorldSelectionList.java:479) ~[neoforge-21.5.22-beta.jar%23221!/:?]
	at TRANSFORMER/minecraft@1.21.5/net.minecraft.client.gui.components.events.ContainerEventHandler.mouseClicked(ContainerEventHandler.java:44) ~[neoforge-21.5.22-beta.jar%23221!/:?]
	at TRANSFORMER/minecraft@1.21.5/net.minecraft.client.gui.components.AbstractContainerWidget.mouseClicked(AbstractContainerWidget.java:60) ~[neoforge-21.5.22-beta.jar%23221!/:?]
	at TRANSFORMER/minecraft@1.21.5/net.minecraft.client.gui.components.events.ContainerEventHandler.mouseClicked(ContainerEventHandler.java:44) ~[neoforge-21.5.22-beta.jar%23221!/:?]
	at TRANSFORMER/minecraft@1.21.5/net.minecraft.client.MouseHandler.onPress(MouseHandler.java:110) ~[neoforge-21.5.22-beta.jar%23221!/:?]
	at TRANSFORMER/minecraft@1.21.5/net.minecraft.client.MouseHandler.lambda$setup$4(MouseHandler.java:249) ~[neoforge-21.5.22-beta.jar%23221!/:?]
	at TRANSFORMER/minecraft@1.21.5/net.minecraft.util.thread.BlockableEventLoop.execute(BlockableEventLoop.java:102) ~[neoforge-21.5.22-beta.jar%23221!/:?]
	at TRANSFORMER/minecraft@1.21.5/net.minecraft.client.MouseHandler.lambda$setup$5(MouseHandler.java:249) ~[neoforge-21.5.22-beta.jar%23221!/:?]
	at MC-BOOTSTRAP/org.lwjgl.glfw@3.3.3+5/org.lwjgl.glfw.GLFWMouseButtonCallbackI.callback(GLFWMouseButtonCallbackI.java:43) ~[lwjgl-glfw-3.3.3.jar%23203!/:build 5]
	at MC-BOOTSTRAP/org.lwjgl@3.3.3+5/org.lwjgl.system.JNI.invokeV(Native Method) ~[lwjgl-3.3.3.jar%23214!/:build 5]
	at MC-BOOTSTRAP/org.lwjgl.glfw@3.3.3+5/org.lwjgl.glfw.GLFW.glfwWaitEventsTimeout(GLFW.java:3509) ~[lwjgl-glfw-3.3.3.jar%23203!/:build 5]
	at TRANSFORMER/minecraft@1.21.5/com.mojang.blaze3d.systems.RenderSystem.limitDisplayFPS(RenderSystem.java:146) ~[neoforge-21.5.22-beta.jar%23221!/:?]
	at TRANSFORMER/minecraft@1.21.5/net.minecraft.client.Minecraft.runTick(Minecraft.java:1298) ~[neoforge-21.5.22-beta.jar%23221!/:?]
	at TRANSFORMER/minecraft@1.21.5/net.minecraft.client.Minecraft.run(Minecraft.java:869) ~[neoforge-21.5.22-beta.jar%23221!/:?]
	at TRANSFORMER/minecraft@1.21.5/net.minecraft.client.main.Main.main(Main.java:243) ~[neoforge-21.5.22-beta.jar%23221!/:?]
	at java.base/jdk.internal.reflect.DirectMethodHandleAccessor.invoke(DirectMethodHandleAccessor.java:103) ~[?:?]
	at java.base/java.lang.reflect.Method.invoke(Method.java:580) ~[?:?]
	at MC-BOOTSTRAP/fml_loader@7.0.10/net.neoforged.fml.loading.targets.CommonLaunchHandler.runTarget(CommonLaunchHandler.java:128) ~[loader-7.0.10.jar%23177!/:7.0]
	at MC-BOOTSTRAP/fml_loader@7.0.10/net.neoforged.fml.loading.targets.CommonLaunchHandler.clientService(CommonLaunchHandler.java:120) ~[loader-7.0.10.jar%23177!/:7.0]
	at MC-BOOTSTRAP/fml_loader@7.0.10/net.neoforged.fml.loading.targets.NeoForgeClientDevLaunchHandler.runService(NeoForgeClientDevLaunchHandler.java:49) ~[loader-7.0.10.jar%23177!/:7.0]
	at MC-BOOTSTRAP/fml_loader@7.0.10/net.neoforged.fml.loading.targets.CommonLaunchHandler.lambda$launchService$4(CommonLaunchHandler.java:114) ~[loader-7.0.10.jar%23177!/:7.0]
	at MC-BOOTSTRAP/cpw.mods.modlauncher@11.0.4/cpw.mods.modlauncher.LaunchServiceHandlerDecorator.launch(LaunchServiceHandlerDecorator.java:30) [modlauncher-11.0.4.jar%23156!/:?]
	at MC-BOOTSTRAP/cpw.mods.modlauncher@11.0.4/cpw.mods.modlauncher.LaunchServiceHandler.launch(LaunchServiceHandler.java:53) [modlauncher-11.0.4.jar%23156!/:?]
	at MC-BOOTSTRAP/cpw.mods.modlauncher@11.0.4/cpw.mods.modlauncher.LaunchServiceHandler.launch(LaunchServiceHandler.java:71) [modlauncher-11.0.4.jar%23156!/:?]
	at MC-BOOTSTRAP/cpw.mods.modlauncher@11.0.4/cpw.mods.modlauncher.Launcher.run(Launcher.java:103) [modlauncher-11.0.4.jar%23156!/:?]
	at MC-BOOTSTRAP/cpw.mods.modlauncher@11.0.4/cpw.mods.modlauncher.Launcher.main(Launcher.java:74) [modlauncher-11.0.4.jar%23156!/:?]
	at MC-BOOTSTRAP/cpw.mods.modlauncher@11.0.4/cpw.mods.modlauncher.BootstrapLaunchConsumer.accept(BootstrapLaunchConsumer.java:26) [modlauncher-11.0.4.jar%23156!/:?]
	at MC-BOOTSTRAP/cpw.mods.modlauncher@11.0.4/cpw.mods.modlauncher.BootstrapLaunchConsumer.accept(BootstrapLaunchConsumer.java:23) [modlauncher-11.0.4.jar%23156!/:?]
	at cpw.mods.bootstraplauncher@2.0.2/cpw.mods.bootstraplauncher.BootstrapLauncher.run(BootstrapLauncher.java:210) [bootstraplauncher-2.0.2.jar:?]
	at cpw.mods.bootstraplauncher@2.0.2/cpw.mods.bootstraplauncher.BootstrapLauncher.main(BootstrapLauncher.java:69) [bootstraplauncher-2.0.2.jar:?]
[02apr2025 22:27:37.946] [Render thread/WARN] [net.minecraft.Util/]: Failed to execute rename .\saves\New World\level3476580053273105617.dat to .\saves\New World\level.dat
[02apr2025 22:27:37.946] [Render thread/ERROR] [net.minecraft.Util/]: Failed to replace .\saves\New World\level.dat with .\saves\New World\level3476580053273105617.dat, retrying 3/10
[02apr2025 22:27:37.946] [Render thread/ERROR] [net.minecraft.Util/]: Failed to rename
java.nio.file.FileSystemException: .\saves\New World\level3476580053273105617.dat -> .\saves\New World\level.dat: Impossibile accedere al file. Il file è utilizzato da un altro processo
	at java.base/sun.nio.fs.WindowsException.translateToIOException(WindowsException.java:92) ~[?:?]
	at java.base/sun.nio.fs.WindowsException.rethrowAsIOException(WindowsException.java:103) ~[?:?]
	at java.base/sun.nio.fs.WindowsFileCopy.move(WindowsFileCopy.java:414) ~[?:?]
	at java.base/sun.nio.fs.WindowsFileSystemProvider.move(WindowsFileSystemProvider.java:291) ~[?:?]
	at java.base/java.nio.file.Files.move(Files.java:1431) ~[?:?]
	at TRANSFORMER/minecraft@1.21.5/net.minecraft.Util$3.getAsBoolean(Util.java:712) ~[neoforge-21.5.22-beta.jar%23221!/:?]
	at TRANSFORMER/minecraft@1.21.5/net.minecraft.Util.executeInSequence(Util.java:777) ~[neoforge-21.5.22-beta.jar%23221!/:?]
	at TRANSFORMER/minecraft@1.21.5/net.minecraft.Util.runWithRetries(Util.java:788) ~[neoforge-21.5.22-beta.jar%23221!/:?]
	at TRANSFORMER/minecraft@1.21.5/net.minecraft.Util.safeReplaceOrMoveFile(Util.java:811) ~[neoforge-21.5.22-beta.jar%23221!/:?]
	at TRANSFORMER/minecraft@1.21.5/net.minecraft.Util.safeReplaceFile(Util.java:800) ~[neoforge-21.5.22-beta.jar%23221!/:?]
	at TRANSFORMER/minecraft@1.21.5/net.minecraft.world.level.storage.LevelStorageSource$LevelStorageAccess.saveLevelData(LevelStorageSource.java:522) ~[neoforge-21.5.22-beta.jar%23221!/:?]
	at TRANSFORMER/minecraft@1.21.5/net.minecraft.world.level.storage.LevelStorageSource$LevelStorageAccess.saveDataTag(LevelStorageSource.java:511) ~[neoforge-21.5.22-beta.jar%23221!/:?]
	at TRANSFORMER/minecraft@1.21.5/net.minecraft.world.level.storage.LevelStorageSource$LevelStorageAccess.saveDataTag(LevelStorageSource.java:503) ~[neoforge-21.5.22-beta.jar%23221!/:?]
	at TRANSFORMER/minecraft@1.21.5/net.minecraft.client.Minecraft.doWorldLoad(Minecraft.java:2020) ~[neoforge-21.5.22-beta.jar%23221!/:?]
	at TRANSFORMER/minecraft@1.21.5/net.minecraft.client.gui.screens.worldselection.WorldOpenFlows.openWorldDoLoad(WorldOpenFlows.java:458) ~[neoforge-21.5.22-beta.jar%23221!/:?]
	at TRANSFORMER/minecraft@1.21.5/net.minecraft.client.gui.screens.worldselection.WorldOpenFlows.openWorldCheckDiskSpace(WorldOpenFlows.java:453) ~[neoforge-21.5.22-beta.jar%23221!/:?]
	at TRANSFORMER/minecraft@1.21.5/net.minecraft.client.gui.screens.worldselection.WorldOpenFlows.lambda$openWorldLoadBundledResourcePack$16(WorldOpenFlows.java:416) ~[neoforge-21.5.22-beta.jar%23221!/:?]
	at java.base/java.util.concurrent.CompletableFuture$UniAccept.tryFire(CompletableFuture.java:718) ~[?:?]
	at java.base/java.util.concurrent.CompletableFuture$Completion.run(CompletableFuture.java:482) ~[?:?]
	at TRANSFORMER/minecraft@1.21.5/net.minecraft.util.thread.BlockableEventLoop.execute(BlockableEventLoop.java:102) ~[neoforge-21.5.22-beta.jar%23221!/:?]
	at java.base/java.util.concurrent.CompletableFuture.uniAcceptNow(CompletableFuture.java:754) ~[?:?]
	at java.base/java.util.concurrent.CompletableFuture.uniAcceptStage(CompletableFuture.java:735) ~[?:?]
	at java.base/java.util.concurrent.CompletableFuture.thenAcceptAsync(CompletableFuture.java:2223) ~[?:?]
	at TRANSFORMER/minecraft@1.21.5/net.minecraft.client.gui.screens.worldselection.WorldOpenFlows.openWorldLoadBundledResourcePack(WorldOpenFlows.java:414) ~[neoforge-21.5.22-beta.jar%23221!/:?]
	at TRANSFORMER/minecraft@1.21.5/net.minecraft.client.gui.screens.worldselection.WorldOpenFlows.openWorldCheckWorldStemCompatibility(WorldOpenFlows.java:389) ~[neoforge-21.5.22-beta.jar%23221!/:?]
	at TRANSFORMER/minecraft@1.21.5/net.minecraft.client.gui.screens.worldselection.WorldOpenFlows.openWorldLoadLevelStem(WorldOpenFlows.java:378) ~[neoforge-21.5.22-beta.jar%23221!/:?]
	at TRANSFORMER/minecraft@1.21.5/net.minecraft.client.gui.screens.worldselection.WorldOpenFlows.openWorldCheckVersionCompatibility(WorldOpenFlows.java:338) ~[neoforge-21.5.22-beta.jar%23221!/:?]
	at TRANSFORMER/minecraft@1.21.5/net.minecraft.client.gui.screens.worldselection.WorldOpenFlows.openWorldLoadLevelData(WorldOpenFlows.java:300) ~[neoforge-21.5.22-beta.jar%23221!/:?]
	at TRANSFORMER/minecraft@1.21.5/net.minecraft.client.gui.screens.worldselection.WorldOpenFlows.openWorld(WorldOpenFlows.java:266) ~[neoforge-21.5.22-beta.jar%23221!/:?]
	at TRANSFORMER/minecraft@1.21.5/net.minecraft.client.gui.screens.worldselection.WorldSelectionList$WorldListEntry.joinWorld(WorldSelectionList.java:496) ~[neoforge-21.5.22-beta.jar%23221!/:?]
	at TRANSFORMER/minecraft@1.21.5/net.minecraft.client.gui.screens.worldselection.WorldSelectionList$WorldListEntry.mouseClicked(WorldSelectionList.java:479) ~[neoforge-21.5.22-beta.jar%23221!/:?]
	at TRANSFORMER/minecraft@1.21.5/net.minecraft.client.gui.components.events.ContainerEventHandler.mouseClicked(ContainerEventHandler.java:44) ~[neoforge-21.5.22-beta.jar%23221!/:?]
	at TRANSFORMER/minecraft@1.21.5/net.minecraft.client.gui.components.AbstractContainerWidget.mouseClicked(AbstractContainerWidget.java:60) ~[neoforge-21.5.22-beta.jar%23221!/:?]
	at TRANSFORMER/minecraft@1.21.5/net.minecraft.client.gui.components.events.ContainerEventHandler.mouseClicked(ContainerEventHandler.java:44) ~[neoforge-21.5.22-beta.jar%23221!/:?]
	at TRANSFORMER/minecraft@1.21.5/net.minecraft.client.MouseHandler.onPress(MouseHandler.java:110) ~[neoforge-21.5.22-beta.jar%23221!/:?]
	at TRANSFORMER/minecraft@1.21.5/net.minecraft.client.MouseHandler.lambda$setup$4(MouseHandler.java:249) ~[neoforge-21.5.22-beta.jar%23221!/:?]
	at TRANSFORMER/minecraft@1.21.5/net.minecraft.util.thread.BlockableEventLoop.execute(BlockableEventLoop.java:102) ~[neoforge-21.5.22-beta.jar%23221!/:?]
	at TRANSFORMER/minecraft@1.21.5/net.minecraft.client.MouseHandler.lambda$setup$5(MouseHandler.java:249) ~[neoforge-21.5.22-beta.jar%23221!/:?]
	at MC-BOOTSTRAP/org.lwjgl.glfw@3.3.3+5/org.lwjgl.glfw.GLFWMouseButtonCallbackI.callback(GLFWMouseButtonCallbackI.java:43) ~[lwjgl-glfw-3.3.3.jar%23203!/:build 5]
	at MC-BOOTSTRAP/org.lwjgl@3.3.3+5/org.lwjgl.system.JNI.invokeV(Native Method) ~[lwjgl-3.3.3.jar%23214!/:build 5]
	at MC-BOOTSTRAP/org.lwjgl.glfw@3.3.3+5/org.lwjgl.glfw.GLFW.glfwWaitEventsTimeout(GLFW.java:3509) ~[lwjgl-glfw-3.3.3.jar%23203!/:build 5]
	at TRANSFORMER/minecraft@1.21.5/com.mojang.blaze3d.systems.RenderSystem.limitDisplayFPS(RenderSystem.java:146) ~[neoforge-21.5.22-beta.jar%23221!/:?]
	at TRANSFORMER/minecraft@1.21.5/net.minecraft.client.Minecraft.runTick(Minecraft.java:1298) ~[neoforge-21.5.22-beta.jar%23221!/:?]
	at TRANSFORMER/minecraft@1.21.5/net.minecraft.client.Minecraft.run(Minecraft.java:869) ~[neoforge-21.5.22-beta.jar%23221!/:?]
	at TRANSFORMER/minecraft@1.21.5/net.minecraft.client.main.Main.main(Main.java:243) ~[neoforge-21.5.22-beta.jar%23221!/:?]
	at java.base/jdk.internal.reflect.DirectMethodHandleAccessor.invoke(DirectMethodHandleAccessor.java:103) ~[?:?]
	at java.base/java.lang.reflect.Method.invoke(Method.java:580) ~[?:?]
	at MC-BOOTSTRAP/fml_loader@7.0.10/net.neoforged.fml.loading.targets.CommonLaunchHandler.runTarget(CommonLaunchHandler.java:128) ~[loader-7.0.10.jar%23177!/:7.0]
	at MC-BOOTSTRAP/fml_loader@7.0.10/net.neoforged.fml.loading.targets.CommonLaunchHandler.clientService(CommonLaunchHandler.java:120) ~[loader-7.0.10.jar%23177!/:7.0]
	at MC-BOOTSTRAP/fml_loader@7.0.10/net.neoforged.fml.loading.targets.NeoForgeClientDevLaunchHandler.runService(NeoForgeClientDevLaunchHandler.java:49) ~[loader-7.0.10.jar%23177!/:7.0]
	at MC-BOOTSTRAP/fml_loader@7.0.10/net.neoforged.fml.loading.targets.CommonLaunchHandler.lambda$launchService$4(CommonLaunchHandler.java:114) ~[loader-7.0.10.jar%23177!/:7.0]
	at MC-BOOTSTRAP/cpw.mods.modlauncher@11.0.4/cpw.mods.modlauncher.LaunchServiceHandlerDecorator.launch(LaunchServiceHandlerDecorator.java:30) [modlauncher-11.0.4.jar%23156!/:?]
	at MC-BOOTSTRAP/cpw.mods.modlauncher@11.0.4/cpw.mods.modlauncher.LaunchServiceHandler.launch(LaunchServiceHandler.java:53) [modlauncher-11.0.4.jar%23156!/:?]
	at MC-BOOTSTRAP/cpw.mods.modlauncher@11.0.4/cpw.mods.modlauncher.LaunchServiceHandler.launch(LaunchServiceHandler.java:71) [modlauncher-11.0.4.jar%23156!/:?]
	at MC-BOOTSTRAP/cpw.mods.modlauncher@11.0.4/cpw.mods.modlauncher.Launcher.run(Launcher.java:103) [modlauncher-11.0.4.jar%23156!/:?]
	at MC-BOOTSTRAP/cpw.mods.modlauncher@11.0.4/cpw.mods.modlauncher.Launcher.main(Launcher.java:74) [modlauncher-11.0.4.jar%23156!/:?]
	at MC-BOOTSTRAP/cpw.mods.modlauncher@11.0.4/cpw.mods.modlauncher.BootstrapLaunchConsumer.accept(BootstrapLaunchConsumer.java:26) [modlauncher-11.0.4.jar%23156!/:?]
	at MC-BOOTSTRAP/cpw.mods.modlauncher@11.0.4/cpw.mods.modlauncher.BootstrapLaunchConsumer.accept(BootstrapLaunchConsumer.java:23) [modlauncher-11.0.4.jar%23156!/:?]
	at cpw.mods.bootstraplauncher@2.0.2/cpw.mods.bootstraplauncher.BootstrapLauncher.run(BootstrapLauncher.java:210) [bootstraplauncher-2.0.2.jar:?]
	at cpw.mods.bootstraplauncher@2.0.2/cpw.mods.bootstraplauncher.BootstrapLauncher.main(BootstrapLauncher.java:69) [bootstraplauncher-2.0.2.jar:?]
[02apr2025 22:27:37.948] [Render thread/WARN] [net.minecraft.Util/]: Failed to execute rename .\saves\New World\level3476580053273105617.dat to .\saves\New World\level.dat
[02apr2025 22:27:37.948] [Render thread/ERROR] [net.minecraft.Util/]: Failed to replace .\saves\New World\level.dat with .\saves\New World\level3476580053273105617.dat, retrying 4/10
[02apr2025 22:27:37.949] [Render thread/ERROR] [net.minecraft.Util/]: Failed to rename
java.nio.file.FileSystemException: .\saves\New World\level3476580053273105617.dat -> .\saves\New World\level.dat: Impossibile accedere al file. Il file è utilizzato da un altro processo
	at java.base/sun.nio.fs.WindowsException.translateToIOException(WindowsException.java:92) ~[?:?]
	at java.base/sun.nio.fs.WindowsException.rethrowAsIOException(WindowsException.java:103) ~[?:?]
	at java.base/sun.nio.fs.WindowsFileCopy.move(WindowsFileCopy.java:414) ~[?:?]
	at java.base/sun.nio.fs.WindowsFileSystemProvider.move(WindowsFileSystemProvider.java:291) ~[?:?]
	at java.base/java.nio.file.Files.move(Files.java:1431) ~[?:?]
	at TRANSFORMER/minecraft@1.21.5/net.minecraft.Util$3.getAsBoolean(Util.java:712) ~[neoforge-21.5.22-beta.jar%23221!/:?]
	at TRANSFORMER/minecraft@1.21.5/net.minecraft.Util.executeInSequence(Util.java:777) ~[neoforge-21.5.22-beta.jar%23221!/:?]
	at TRANSFORMER/minecraft@1.21.5/net.minecraft.Util.runWithRetries(Util.java:788) ~[neoforge-21.5.22-beta.jar%23221!/:?]
	at TRANSFORMER/minecraft@1.21.5/net.minecraft.Util.safeReplaceOrMoveFile(Util.java:811) ~[neoforge-21.5.22-beta.jar%23221!/:?]
	at TRANSFORMER/minecraft@1.21.5/net.minecraft.Util.safeReplaceFile(Util.java:800) ~[neoforge-21.5.22-beta.jar%23221!/:?]
	at TRANSFORMER/minecraft@1.21.5/net.minecraft.world.level.storage.LevelStorageSource$LevelStorageAccess.saveLevelData(LevelStorageSource.java:522) ~[neoforge-21.5.22-beta.jar%23221!/:?]
	at TRANSFORMER/minecraft@1.21.5/net.minecraft.world.level.storage.LevelStorageSource$LevelStorageAccess.saveDataTag(LevelStorageSource.java:511) ~[neoforge-21.5.22-beta.jar%23221!/:?]
	at TRANSFORMER/minecraft@1.21.5/net.minecraft.world.level.storage.LevelStorageSource$LevelStorageAccess.saveDataTag(LevelStorageSource.java:503) ~[neoforge-21.5.22-beta.jar%23221!/:?]
	at TRANSFORMER/minecraft@1.21.5/net.minecraft.client.Minecraft.doWorldLoad(Minecraft.java:2020) ~[neoforge-21.5.22-beta.jar%23221!/:?]
	at TRANSFORMER/minecraft@1.21.5/net.minecraft.client.gui.screens.worldselection.WorldOpenFlows.openWorldDoLoad(WorldOpenFlows.java:458) ~[neoforge-21.5.22-beta.jar%23221!/:?]
	at TRANSFORMER/minecraft@1.21.5/net.minecraft.client.gui.screens.worldselection.WorldOpenFlows.openWorldCheckDiskSpace(WorldOpenFlows.java:453) ~[neoforge-21.5.22-beta.jar%23221!/:?]
	at TRANSFORMER/minecraft@1.21.5/net.minecraft.client.gui.screens.worldselection.WorldOpenFlows.lambda$openWorldLoadBundledResourcePack$16(WorldOpenFlows.java:416) ~[neoforge-21.5.22-beta.jar%23221!/:?]
	at java.base/java.util.concurrent.CompletableFuture$UniAccept.tryFire(CompletableFuture.java:718) ~[?:?]
	at java.base/java.util.concurrent.CompletableFuture$Completion.run(CompletableFuture.java:482) ~[?:?]
	at TRANSFORMER/minecraft@1.21.5/net.minecraft.util.thread.BlockableEventLoop.execute(BlockableEventLoop.java:102) ~[neoforge-21.5.22-beta.jar%23221!/:?]
	at java.base/java.util.concurrent.CompletableFuture.uniAcceptNow(CompletableFuture.java:754) ~[?:?]
	at java.base/java.util.concurrent.CompletableFuture.uniAcceptStage(CompletableFuture.java:735) ~[?:?]
	at java.base/java.util.concurrent.CompletableFuture.thenAcceptAsync(CompletableFuture.java:2223) ~[?:?]
	at TRANSFORMER/minecraft@1.21.5/net.minecraft.client.gui.screens.worldselection.WorldOpenFlows.openWorldLoadBundledResourcePack(WorldOpenFlows.java:414) ~[neoforge-21.5.22-beta.jar%23221!/:?]
	at TRANSFORMER/minecraft@1.21.5/net.minecraft.client.gui.screens.worldselection.WorldOpenFlows.openWorldCheckWorldStemCompatibility(WorldOpenFlows.java:389) ~[neoforge-21.5.22-beta.jar%23221!/:?]
	at TRANSFORMER/minecraft@1.21.5/net.minecraft.client.gui.screens.worldselection.WorldOpenFlows.openWorldLoadLevelStem(WorldOpenFlows.java:378) ~[neoforge-21.5.22-beta.jar%23221!/:?]
	at TRANSFORMER/minecraft@1.21.5/net.minecraft.client.gui.screens.worldselection.WorldOpenFlows.openWorldCheckVersionCompatibility(WorldOpenFlows.java:338) ~[neoforge-21.5.22-beta.jar%23221!/:?]
	at TRANSFORMER/minecraft@1.21.5/net.minecraft.client.gui.screens.worldselection.WorldOpenFlows.openWorldLoadLevelData(WorldOpenFlows.java:300) ~[neoforge-21.5.22-beta.jar%23221!/:?]
	at TRANSFORMER/minecraft@1.21.5/net.minecraft.client.gui.screens.worldselection.WorldOpenFlows.openWorld(WorldOpenFlows.java:266) ~[neoforge-21.5.22-beta.jar%23221!/:?]
	at TRANSFORMER/minecraft@1.21.5/net.minecraft.client.gui.screens.worldselection.WorldSelectionList$WorldListEntry.joinWorld(WorldSelectionList.java:496) ~[neoforge-21.5.22-beta.jar%23221!/:?]
	at TRANSFORMER/minecraft@1.21.5/net.minecraft.client.gui.screens.worldselection.WorldSelectionList$WorldListEntry.mouseClicked(WorldSelectionList.java:479) ~[neoforge-21.5.22-beta.jar%23221!/:?]
	at TRANSFORMER/minecraft@1.21.5/net.minecraft.client.gui.components.events.ContainerEventHandler.mouseClicked(ContainerEventHandler.java:44) ~[neoforge-21.5.22-beta.jar%23221!/:?]
	at TRANSFORMER/minecraft@1.21.5/net.minecraft.client.gui.components.AbstractContainerWidget.mouseClicked(AbstractContainerWidget.java:60) ~[neoforge-21.5.22-beta.jar%23221!/:?]
	at TRANSFORMER/minecraft@1.21.5/net.minecraft.client.gui.components.events.ContainerEventHandler.mouseClicked(ContainerEventHandler.java:44) ~[neoforge-21.5.22-beta.jar%23221!/:?]
	at TRANSFORMER/minecraft@1.21.5/net.minecraft.client.MouseHandler.onPress(MouseHandler.java:110) ~[neoforge-21.5.22-beta.jar%23221!/:?]
	at TRANSFORMER/minecraft@1.21.5/net.minecraft.client.MouseHandler.lambda$setup$4(MouseHandler.java:249) ~[neoforge-21.5.22-beta.jar%23221!/:?]
	at TRANSFORMER/minecraft@1.21.5/net.minecraft.util.thread.BlockableEventLoop.execute(BlockableEventLoop.java:102) ~[neoforge-21.5.22-beta.jar%23221!/:?]
	at TRANSFORMER/minecraft@1.21.5/net.minecraft.client.MouseHandler.lambda$setup$5(MouseHandler.java:249) ~[neoforge-21.5.22-beta.jar%23221!/:?]
	at MC-BOOTSTRAP/org.lwjgl.glfw@3.3.3+5/org.lwjgl.glfw.GLFWMouseButtonCallbackI.callback(GLFWMouseButtonCallbackI.java:43) ~[lwjgl-glfw-3.3.3.jar%23203!/:build 5]
	at MC-BOOTSTRAP/org.lwjgl@3.3.3+5/org.lwjgl.system.JNI.invokeV(Native Method) ~[lwjgl-3.3.3.jar%23214!/:build 5]
	at MC-BOOTSTRAP/org.lwjgl.glfw@3.3.3+5/org.lwjgl.glfw.GLFW.glfwWaitEventsTimeout(GLFW.java:3509) ~[lwjgl-glfw-3.3.3.jar%23203!/:build 5]
	at TRANSFORMER/minecraft@1.21.5/com.mojang.blaze3d.systems.RenderSystem.limitDisplayFPS(RenderSystem.java:146) ~[neoforge-21.5.22-beta.jar%23221!/:?]
	at TRANSFORMER/minecraft@1.21.5/net.minecraft.client.Minecraft.runTick(Minecraft.java:1298) ~[neoforge-21.5.22-beta.jar%23221!/:?]
	at TRANSFORMER/minecraft@1.21.5/net.minecraft.client.Minecraft.run(Minecraft.java:869) ~[neoforge-21.5.22-beta.jar%23221!/:?]
	at TRANSFORMER/minecraft@1.21.5/net.minecraft.client.main.Main.main(Main.java:243) ~[neoforge-21.5.22-beta.jar%23221!/:?]
	at java.base/jdk.internal.reflect.DirectMethodHandleAccessor.invoke(DirectMethodHandleAccessor.java:103) ~[?:?]
	at java.base/java.lang.reflect.Method.invoke(Method.java:580) ~[?:?]
	at MC-BOOTSTRAP/fml_loader@7.0.10/net.neoforged.fml.loading.targets.CommonLaunchHandler.runTarget(CommonLaunchHandler.java:128) ~[loader-7.0.10.jar%23177!/:7.0]
	at MC-BOOTSTRAP/fml_loader@7.0.10/net.neoforged.fml.loading.targets.CommonLaunchHandler.clientService(CommonLaunchHandler.java:120) ~[loader-7.0.10.jar%23177!/:7.0]
	at MC-BOOTSTRAP/fml_loader@7.0.10/net.neoforged.fml.loading.targets.NeoForgeClientDevLaunchHandler.runService(NeoForgeClientDevLaunchHandler.java:49) ~[loader-7.0.10.jar%23177!/:7.0]
	at MC-BOOTSTRAP/fml_loader@7.0.10/net.neoforged.fml.loading.targets.CommonLaunchHandler.lambda$launchService$4(CommonLaunchHandler.java:114) ~[loader-7.0.10.jar%23177!/:7.0]
	at MC-BOOTSTRAP/cpw.mods.modlauncher@11.0.4/cpw.mods.modlauncher.LaunchServiceHandlerDecorator.launch(LaunchServiceHandlerDecorator.java:30) [modlauncher-11.0.4.jar%23156!/:?]
	at MC-BOOTSTRAP/cpw.mods.modlauncher@11.0.4/cpw.mods.modlauncher.LaunchServiceHandler.launch(LaunchServiceHandler.java:53) [modlauncher-11.0.4.jar%23156!/:?]
	at MC-BOOTSTRAP/cpw.mods.modlauncher@11.0.4/cpw.mods.modlauncher.LaunchServiceHandler.launch(LaunchServiceHandler.java:71) [modlauncher-11.0.4.jar%23156!/:?]
	at MC-BOOTSTRAP/cpw.mods.modlauncher@11.0.4/cpw.mods.modlauncher.Launcher.run(Launcher.java:103) [modlauncher-11.0.4.jar%23156!/:?]
	at MC-BOOTSTRAP/cpw.mods.modlauncher@11.0.4/cpw.mods.modlauncher.Launcher.main(Launcher.java:74) [modlauncher-11.0.4.jar%23156!/:?]
	at MC-BOOTSTRAP/cpw.mods.modlauncher@11.0.4/cpw.mods.modlauncher.BootstrapLaunchConsumer.accept(BootstrapLaunchConsumer.java:26) [modlauncher-11.0.4.jar%23156!/:?]
	at MC-BOOTSTRAP/cpw.mods.modlauncher@11.0.4/cpw.mods.modlauncher.BootstrapLaunchConsumer.accept(BootstrapLaunchConsumer.java:23) [modlauncher-11.0.4.jar%23156!/:?]
	at cpw.mods.bootstraplauncher@2.0.2/cpw.mods.bootstraplauncher.BootstrapLauncher.run(BootstrapLauncher.java:210) [bootstraplauncher-2.0.2.jar:?]
	at cpw.mods.bootstraplauncher@2.0.2/cpw.mods.bootstraplauncher.BootstrapLauncher.main(BootstrapLauncher.java:69) [bootstraplauncher-2.0.2.jar:?]
[02apr2025 22:27:37.950] [Render thread/WARN] [net.minecraft.Util/]: Failed to execute rename .\saves\New World\level3476580053273105617.dat to .\saves\New World\level.dat
[02apr2025 22:27:37.950] [Render thread/ERROR] [net.minecraft.Util/]: Failed to replace .\saves\New World\level.dat with .\saves\New World\level3476580053273105617.dat, retrying 5/10
[02apr2025 22:27:37.950] [Render thread/ERROR] [net.minecraft.Util/]: Failed to rename
java.nio.file.FileSystemException: .\saves\New World\level3476580053273105617.dat -> .\saves\New World\level.dat: Impossibile accedere al file. Il file è utilizzato da un altro processo
	at java.base/sun.nio.fs.WindowsException.translateToIOException(WindowsException.java:92) ~[?:?]
	at java.base/sun.nio.fs.WindowsException.rethrowAsIOException(WindowsException.java:103) ~[?:?]
	at java.base/sun.nio.fs.WindowsFileCopy.move(WindowsFileCopy.java:414) ~[?:?]
	at java.base/sun.nio.fs.WindowsFileSystemProvider.move(WindowsFileSystemProvider.java:291) ~[?:?]
	at java.base/java.nio.file.Files.move(Files.java:1431) ~[?:?]
	at TRANSFORMER/minecraft@1.21.5/net.minecraft.Util$3.getAsBoolean(Util.java:712) ~[neoforge-21.5.22-beta.jar%23221!/:?]
	at TRANSFORMER/minecraft@1.21.5/net.minecraft.Util.executeInSequence(Util.java:777) ~[neoforge-21.5.22-beta.jar%23221!/:?]
	at TRANSFORMER/minecraft@1.21.5/net.minecraft.Util.runWithRetries(Util.java:788) ~[neoforge-21.5.22-beta.jar%23221!/:?]
	at TRANSFORMER/minecraft@1.21.5/net.minecraft.Util.safeReplaceOrMoveFile(Util.java:811) ~[neoforge-21.5.22-beta.jar%23221!/:?]
	at TRANSFORMER/minecraft@1.21.5/net.minecraft.Util.safeReplaceFile(Util.java:800) ~[neoforge-21.5.22-beta.jar%23221!/:?]
	at TRANSFORMER/minecraft@1.21.5/net.minecraft.world.level.storage.LevelStorageSource$LevelStorageAccess.saveLevelData(LevelStorageSource.java:522) ~[neoforge-21.5.22-beta.jar%23221!/:?]
	at TRANSFORMER/minecraft@1.21.5/net.minecraft.world.level.storage.LevelStorageSource$LevelStorageAccess.saveDataTag(LevelStorageSource.java:511) ~[neoforge-21.5.22-beta.jar%23221!/:?]
	at TRANSFORMER/minecraft@1.21.5/net.minecraft.world.level.storage.LevelStorageSource$LevelStorageAccess.saveDataTag(LevelStorageSource.java:503) ~[neoforge-21.5.22-beta.jar%23221!/:?]
	at TRANSFORMER/minecraft@1.21.5/net.minecraft.client.Minecraft.doWorldLoad(Minecraft.java:2020) ~[neoforge-21.5.22-beta.jar%23221!/:?]
	at TRANSFORMER/minecraft@1.21.5/net.minecraft.client.gui.screens.worldselection.WorldOpenFlows.openWorldDoLoad(WorldOpenFlows.java:458) ~[neoforge-21.5.22-beta.jar%23221!/:?]
	at TRANSFORMER/minecraft@1.21.5/net.minecraft.client.gui.screens.worldselection.WorldOpenFlows.openWorldCheckDiskSpace(WorldOpenFlows.java:453) ~[neoforge-21.5.22-beta.jar%23221!/:?]
	at TRANSFORMER/minecraft@1.21.5/net.minecraft.client.gui.screens.worldselection.WorldOpenFlows.lambda$openWorldLoadBundledResourcePack$16(WorldOpenFlows.java:416) ~[neoforge-21.5.22-beta.jar%23221!/:?]
	at java.base/java.util.concurrent.CompletableFuture$UniAccept.tryFire(CompletableFuture.java:718) ~[?:?]
	at java.base/java.util.concurrent.CompletableFuture$Completion.run(CompletableFuture.java:482) ~[?:?]
	at TRANSFORMER/minecraft@1.21.5/net.minecraft.util.thread.BlockableEventLoop.execute(BlockableEventLoop.java:102) ~[neoforge-21.5.22-beta.jar%23221!/:?]
	at java.base/java.util.concurrent.CompletableFuture.uniAcceptNow(CompletableFuture.java:754) ~[?:?]
	at java.base/java.util.concurrent.CompletableFuture.uniAcceptStage(CompletableFuture.java:735) ~[?:?]
	at java.base/java.util.concurrent.CompletableFuture.thenAcceptAsync(CompletableFuture.java:2223) ~[?:?]
	at TRANSFORMER/minecraft@1.21.5/net.minecraft.client.gui.screens.worldselection.WorldOpenFlows.openWorldLoadBundledResourcePack(WorldOpenFlows.java:414) ~[neoforge-21.5.22-beta.jar%23221!/:?]
	at TRANSFORMER/minecraft@1.21.5/net.minecraft.client.gui.screens.worldselection.WorldOpenFlows.openWorldCheckWorldStemCompatibility(WorldOpenFlows.java:389) ~[neoforge-21.5.22-beta.jar%23221!/:?]
	at TRANSFORMER/minecraft@1.21.5/net.minecraft.client.gui.screens.worldselection.WorldOpenFlows.openWorldLoadLevelStem(WorldOpenFlows.java:378) ~[neoforge-21.5.22-beta.jar%23221!/:?]
	at TRANSFORMER/minecraft@1.21.5/net.minecraft.client.gui.screens.worldselection.WorldOpenFlows.openWorldCheckVersionCompatibility(WorldOpenFlows.java:338) ~[neoforge-21.5.22-beta.jar%23221!/:?]
	at TRANSFORMER/minecraft@1.21.5/net.minecraft.client.gui.screens.worldselection.WorldOpenFlows.openWorldLoadLevelData(WorldOpenFlows.java:300) ~[neoforge-21.5.22-beta.jar%23221!/:?]
	at TRANSFORMER/minecraft@1.21.5/net.minecraft.client.gui.screens.worldselection.WorldOpenFlows.openWorld(WorldOpenFlows.java:266) ~[neoforge-21.5.22-beta.jar%23221!/:?]
	at TRANSFORMER/minecraft@1.21.5/net.minecraft.client.gui.screens.worldselection.WorldSelectionList$WorldListEntry.joinWorld(WorldSelectionList.java:496) ~[neoforge-21.5.22-beta.jar%23221!/:?]
	at TRANSFORMER/minecraft@1.21.5/net.minecraft.client.gui.screens.worldselection.WorldSelectionList$WorldListEntry.mouseClicked(WorldSelectionList.java:479) ~[neoforge-21.5.22-beta.jar%23221!/:?]
	at TRANSFORMER/minecraft@1.21.5/net.minecraft.client.gui.components.events.ContainerEventHandler.mouseClicked(ContainerEventHandler.java:44) ~[neoforge-21.5.22-beta.jar%23221!/:?]
	at TRANSFORMER/minecraft@1.21.5/net.minecraft.client.gui.components.AbstractContainerWidget.mouseClicked(AbstractContainerWidget.java:60) ~[neoforge-21.5.22-beta.jar%23221!/:?]
	at TRANSFORMER/minecraft@1.21.5/net.minecraft.client.gui.components.events.ContainerEventHandler.mouseClicked(ContainerEventHandler.java:44) ~[neoforge-21.5.22-beta.jar%23221!/:?]
	at TRANSFORMER/minecraft@1.21.5/net.minecraft.client.MouseHandler.onPress(MouseHandler.java:110) ~[neoforge-21.5.22-beta.jar%23221!/:?]
	at TRANSFORMER/minecraft@1.21.5/net.minecraft.client.MouseHandler.lambda$setup$4(MouseHandler.java:249) ~[neoforge-21.5.22-beta.jar%23221!/:?]
	at TRANSFORMER/minecraft@1.21.5/net.minecraft.util.thread.BlockableEventLoop.execute(BlockableEventLoop.java:102) ~[neoforge-21.5.22-beta.jar%23221!/:?]
	at TRANSFORMER/minecraft@1.21.5/net.minecraft.client.MouseHandler.lambda$setup$5(MouseHandler.java:249) ~[neoforge-21.5.22-beta.jar%23221!/:?]
	at MC-BOOTSTRAP/org.lwjgl.glfw@3.3.3+5/org.lwjgl.glfw.GLFWMouseButtonCallbackI.callback(GLFWMouseButtonCallbackI.java:43) ~[lwjgl-glfw-3.3.3.jar%23203!/:build 5]
	at MC-BOOTSTRAP/org.lwjgl@3.3.3+5/org.lwjgl.system.JNI.invokeV(Native Method) ~[lwjgl-3.3.3.jar%23214!/:build 5]
	at MC-BOOTSTRAP/org.lwjgl.glfw@3.3.3+5/org.lwjgl.glfw.GLFW.glfwWaitEventsTimeout(GLFW.java:3509) ~[lwjgl-glfw-3.3.3.jar%23203!/:build 5]
	at TRANSFORMER/minecraft@1.21.5/com.mojang.blaze3d.systems.RenderSystem.limitDisplayFPS(RenderSystem.java:146) ~[neoforge-21.5.22-beta.jar%23221!/:?]
	at TRANSFORMER/minecraft@1.21.5/net.minecraft.client.Minecraft.runTick(Minecraft.java:1298) ~[neoforge-21.5.22-beta.jar%23221!/:?]
	at TRANSFORMER/minecraft@1.21.5/net.minecraft.client.Minecraft.run(Minecraft.java:869) ~[neoforge-21.5.22-beta.jar%23221!/:?]
	at TRANSFORMER/minecraft@1.21.5/net.minecraft.client.main.Main.main(Main.java:243) ~[neoforge-21.5.22-beta.jar%23221!/:?]
	at java.base/jdk.internal.reflect.DirectMethodHandleAccessor.invoke(DirectMethodHandleAccessor.java:103) ~[?:?]
	at java.base/java.lang.reflect.Method.invoke(Method.java:580) ~[?:?]
	at MC-BOOTSTRAP/fml_loader@7.0.10/net.neoforged.fml.loading.targets.CommonLaunchHandler.runTarget(CommonLaunchHandler.java:128) ~[loader-7.0.10.jar%23177!/:7.0]
	at MC-BOOTSTRAP/fml_loader@7.0.10/net.neoforged.fml.loading.targets.CommonLaunchHandler.clientService(CommonLaunchHandler.java:120) ~[loader-7.0.10.jar%23177!/:7.0]
	at MC-BOOTSTRAP/fml_loader@7.0.10/net.neoforged.fml.loading.targets.NeoForgeClientDevLaunchHandler.runService(NeoForgeClientDevLaunchHandler.java:49) ~[loader-7.0.10.jar%23177!/:7.0]
	at MC-BOOTSTRAP/fml_loader@7.0.10/net.neoforged.fml.loading.targets.CommonLaunchHandler.lambda$launchService$4(CommonLaunchHandler.java:114) ~[loader-7.0.10.jar%23177!/:7.0]
	at MC-BOOTSTRAP/cpw.mods.modlauncher@11.0.4/cpw.mods.modlauncher.LaunchServiceHandlerDecorator.launch(LaunchServiceHandlerDecorator.java:30) [modlauncher-11.0.4.jar%23156!/:?]
	at MC-BOOTSTRAP/cpw.mods.modlauncher@11.0.4/cpw.mods.modlauncher.LaunchServiceHandler.launch(LaunchServiceHandler.java:53) [modlauncher-11.0.4.jar%23156!/:?]
	at MC-BOOTSTRAP/cpw.mods.modlauncher@11.0.4/cpw.mods.modlauncher.LaunchServiceHandler.launch(LaunchServiceHandler.java:71) [modlauncher-11.0.4.jar%23156!/:?]
	at MC-BOOTSTRAP/cpw.mods.modlauncher@11.0.4/cpw.mods.modlauncher.Launcher.run(Launcher.java:103) [modlauncher-11.0.4.jar%23156!/:?]
	at MC-BOOTSTRAP/cpw.mods.modlauncher@11.0.4/cpw.mods.modlauncher.Launcher.main(Launcher.java:74) [modlauncher-11.0.4.jar%23156!/:?]
	at MC-BOOTSTRAP/cpw.mods.modlauncher@11.0.4/cpw.mods.modlauncher.BootstrapLaunchConsumer.accept(BootstrapLaunchConsumer.java:26) [modlauncher-11.0.4.jar%23156!/:?]
	at MC-BOOTSTRAP/cpw.mods.modlauncher@11.0.4/cpw.mods.modlauncher.BootstrapLaunchConsumer.accept(BootstrapLaunchConsumer.java:23) [modlauncher-11.0.4.jar%23156!/:?]
	at cpw.mods.bootstraplauncher@2.0.2/cpw.mods.bootstraplauncher.BootstrapLauncher.run(BootstrapLauncher.java:210) [bootstraplauncher-2.0.2.jar:?]
	at cpw.mods.bootstraplauncher@2.0.2/cpw.mods.bootstraplauncher.BootstrapLauncher.main(BootstrapLauncher.java:69) [bootstraplauncher-2.0.2.jar:?]
[02apr2025 22:27:37.952] [Render thread/WARN] [net.minecraft.Util/]: Failed to execute rename .\saves\New World\level3476580053273105617.dat to .\saves\New World\level.dat
[02apr2025 22:27:37.953] [Render thread/ERROR] [net.minecraft.Util/]: Failed to replace .\saves\New World\level.dat with .\saves\New World\level3476580053273105617.dat, retrying 6/10
[02apr2025 22:27:38.017] [Server thread/INFO] [net.minecraft.client.server.IntegratedServer/]: Starting integrated minecraft server version 1.21.5
[02apr2025 22:27:38.017] [Server thread/INFO] [net.minecraft.server.MinecraftServer/]: Generating keypair
[02apr2025 22:27:38.415] [Server thread/INFO] [net.minecraft.server.MinecraftServer/]: Preparing start region for dimension minecraft:overworld
[02apr2025 22:27:39.003] [progressListener/INFO] [net.minecraft.server.level.progress.LoggerChunkProgressListener/]: Preparing spawn area: 0%
[02apr2025 22:27:39.003] [progressListener/INFO] [net.minecraft.server.level.progress.LoggerChunkProgressListener/]: Preparing spawn area: 0%
[02apr2025 22:27:39.285] [progressListener/INFO] [net.minecraft.server.level.progress.LoggerChunkProgressListener/]: Time elapsed: 856 ms
[02apr2025 22:27:39.288] [Server thread/INFO] [net.neoforged.neoforge.server.permission.PermissionAPI/]: Successfully initialized permission handler neoforge:default_handler
[02apr2025 22:27:39.425] [Server thread/INFO] [net.minecraft.client.server.IntegratedServer/]: Changing view distance to 12, from 10
[02apr2025 22:27:39.425] [Server thread/INFO] [net.minecraft.client.server.IntegratedServer/]: Changing simulation distance to 12, from 0
[02apr2025 22:27:40.193] [Server thread/INFO] [net.minecraft.server.players.PlayerList/]: Dev[local:E:7bf7eda3] logged in with entity id 52 at (5.5, 69.0, 40.5)
[02apr2025 22:27:40.246] [Server thread/INFO] [net.minecraft.server.MinecraftServer/]: Dev joined the game
[02apr2025 22:27:40.304] [Render thread/INFO] [net.minecraft.advancements.AdvancementTree/]: Loaded 2 advancements
[02apr2025 22:27:44.244] [Server thread/INFO] [net.minecraft.server.MinecraftServer/]: [Dev: Set own game mode to Survival Mode]
[02apr2025 22:27:44.253] [Render thread/INFO] [net.minecraft.client.gui.components.ChatComponent/]: [System] [CHAT] Set own game mode to Survival Mode
[02apr2025 22:27:48.259] [Server thread/INFO] [net.minecraft.server.MinecraftServer/]: [Dev: Set own game mode to Creative Mode]
[02apr2025 22:27:48.261] [Render thread/INFO] [net.minecraft.client.gui.components.ChatComponent/]: [System] [CHAT] Set own game mode to Creative Mode
[02apr2025 22:28:01.475] [Server thread/INFO] [net.minecraft.server.MinecraftServer/]: [Dev: Set own game mode to Survival Mode]
[02apr2025 22:28:01.477] [Render thread/INFO] [net.minecraft.client.gui.components.ChatComponent/]: [System] [CHAT] Set own game mode to Survival Mode
[02apr2025 22:28:02.797] [Render thread/INFO] [net.minecraft.advancements.AdvancementTree/]: Loaded 20 advancements
[02apr2025 22:28:04.607] [Render thread/INFO] [net.minecraft.client.gui.components.ChatComponent/]: [System] [CHAT] [Debug]: Advanced tooltips: shown
[02apr2025 22:28:07.049] [Render thread/INFO] [net.minecraft.advancements.AdvancementTree/]: Loaded 31 advancements
[02apr2025 22:28:09.949] [Server thread/INFO] [net.minecraft.server.MinecraftServer/]: Dev has made the advancement [Stone Age]
[02apr2025 22:28:09.958] [Render thread/INFO] [net.minecraft.client.gui.components.ChatComponent/]: [System] [CHAT] Dev has made the advancement [Stone Age]
[02apr2025 22:28:10.007] [Render thread/INFO] [net.minecraft.advancements.AdvancementTree/]: Loaded 51 advancements
